Archive member included to satisfy reference by file (symbol)

C:/ST/STM32CubeIDE_1.18.1/STM32CubeIDE/plugins/com.st.stm32cube.ide.mcu.externaltools.gnu-tools-for-stm32.13.3.rel1.win32_1.0.0.202411081344/tools/bin/../lib/gcc/arm-none-eabi/13.3.1/../../../../arm-none-eabi/lib/thumb/v7e-m+dp/hard\libc_nano.a(libc_a-exit.o)
                              C:/ST/STM32CubeIDE_1.18.1/STM32CubeIDE/plugins/com.st.stm32cube.ide.mcu.externaltools.gnu-tools-for-stm32.13.3.rel1.win32_1.0.0.202411081344/tools/bin/../lib/gcc/arm-none-eabi/13.3.1/../../../../arm-none-eabi/lib/thumb/v7e-m+dp/hard/crt0.o (exit)
C:/ST/STM32CubeIDE_1.18.1/STM32CubeIDE/plugins/com.st.stm32cube.ide.mcu.externaltools.gnu-tools-for-stm32.13.3.rel1.win32_1.0.0.202411081344/tools/bin/../lib/gcc/arm-none-eabi/13.3.1/../../../../arm-none-eabi/lib/thumb/v7e-m+dp/hard\libc_nano.a(libc_a-findfp.o)
                              C:/ST/STM32CubeIDE_1.18.1/STM32CubeIDE/plugins/com.st.stm32cube.ide.mcu.externaltools.gnu-tools-for-stm32.13.3.rel1.win32_1.0.0.202411081344/tools/bin/../lib/gcc/arm-none-eabi/13.3.1/../../../../arm-none-eabi/lib/thumb/v7e-m+dp/hard\libc_nano.a(libc_a-exit.o) (__stdio_exit_handler)
C:/ST/STM32CubeIDE_1.18.1/STM32CubeIDE/plugins/com.st.stm32cube.ide.mcu.externaltools.gnu-tools-for-stm32.13.3.rel1.win32_1.0.0.202411081344/tools/bin/../lib/gcc/arm-none-eabi/13.3.1/../../../../arm-none-eabi/lib/thumb/v7e-m+dp/hard\libc_nano.a(libc_a-fwalk.o)
                              C:/ST/STM32CubeIDE_1.18.1/STM32CubeIDE/plugins/com.st.stm32cube.ide.mcu.externaltools.gnu-tools-for-stm32.13.3.rel1.win32_1.0.0.202411081344/tools/bin/../lib/gcc/arm-none-eabi/13.3.1/../../../../arm-none-eabi/lib/thumb/v7e-m+dp/hard\libc_nano.a(libc_a-findfp.o) (_fwalk_sglue)
C:/ST/STM32CubeIDE_1.18.1/STM32CubeIDE/plugins/com.st.stm32cube.ide.mcu.externaltools.gnu-tools-for-stm32.13.3.rel1.win32_1.0.0.202411081344/tools/bin/../lib/gcc/arm-none-eabi/13.3.1/../../../../arm-none-eabi/lib/thumb/v7e-m+dp/hard\libc_nano.a(libc_a-printf.o)
                              ./Core/Src/MFRC522_STM32.o (printf)
C:/ST/STM32CubeIDE_1.18.1/STM32CubeIDE/plugins/com.st.stm32cube.ide.mcu.externaltools.gnu-tools-for-stm32.13.3.rel1.win32_1.0.0.202411081344/tools/bin/../lib/gcc/arm-none-eabi/13.3.1/../../../../arm-none-eabi/lib/thumb/v7e-m+dp/hard\libc_nano.a(libc_a-puts.o)
                              ./Core/Src/MFRC522_MIFARE.o (puts)
C:/ST/STM32CubeIDE_1.18.1/STM32CubeIDE/plugins/com.st.stm32cube.ide.mcu.externaltools.gnu-tools-for-stm32.13.3.rel1.win32_1.0.0.202411081344/tools/bin/../lib/gcc/arm-none-eabi/13.3.1/../../../../arm-none-eabi/lib/thumb/v7e-m+dp/hard\libc_nano.a(libc_a-stdio.o)
                              C:/ST/STM32CubeIDE_1.18.1/STM32CubeIDE/plugins/com.st.stm32cube.ide.mcu.externaltools.gnu-tools-for-stm32.13.3.rel1.win32_1.0.0.202411081344/tools/bin/../lib/gcc/arm-none-eabi/13.3.1/../../../../arm-none-eabi/lib/thumb/v7e-m+dp/hard\libc_nano.a(libc_a-findfp.o) (__sread)
C:/ST/STM32CubeIDE_1.18.1/STM32CubeIDE/plugins/com.st.stm32cube.ide.mcu.externaltools.gnu-tools-for-stm32.13.3.rel1.win32_1.0.0.202411081344/tools/bin/../lib/gcc/arm-none-eabi/13.3.1/../../../../arm-none-eabi/lib/thumb/v7e-m+dp/hard\libc_nano.a(libc_a-wbuf.o)
                              C:/ST/STM32CubeIDE_1.18.1/STM32CubeIDE/plugins/com.st.stm32cube.ide.mcu.externaltools.gnu-tools-for-stm32.13.3.rel1.win32_1.0.0.202411081344/tools/bin/../lib/gcc/arm-none-eabi/13.3.1/../../../../arm-none-eabi/lib/thumb/v7e-m+dp/hard\libc_nano.a(libc_a-puts.o) (__swbuf_r)
C:/ST/STM32CubeIDE_1.18.1/STM32CubeIDE/plugins/com.st.stm32cube.ide.mcu.externaltools.gnu-tools-for-stm32.13.3.rel1.win32_1.0.0.202411081344/tools/bin/../lib/gcc/arm-none-eabi/13.3.1/../../../../arm-none-eabi/lib/thumb/v7e-m+dp/hard\libc_nano.a(libc_a-wsetup.o)
                              C:/ST/STM32CubeIDE_1.18.1/STM32CubeIDE/plugins/com.st.stm32cube.ide.mcu.externaltools.gnu-tools-for-stm32.13.3.rel1.win32_1.0.0.202411081344/tools/bin/../lib/gcc/arm-none-eabi/13.3.1/../../../../arm-none-eabi/lib/thumb/v7e-m+dp/hard\libc_nano.a(libc_a-puts.o) (__swsetup_r)
C:/ST/STM32CubeIDE_1.18.1/STM32CubeIDE/plugins/com.st.stm32cube.ide.mcu.externaltools.gnu-tools-for-stm32.13.3.rel1.win32_1.0.0.202411081344/tools/bin/../lib/gcc/arm-none-eabi/13.3.1/../../../../arm-none-eabi/lib/thumb/v7e-m+dp/hard\libc_nano.a(libc_a-memcmp.o)
                              ./Core/Src/main.o (memcmp)
C:/ST/STM32CubeIDE_1.18.1/STM32CubeIDE/plugins/com.st.stm32cube.ide.mcu.externaltools.gnu-tools-for-stm32.13.3.rel1.win32_1.0.0.202411081344/tools/bin/../lib/gcc/arm-none-eabi/13.3.1/../../../../arm-none-eabi/lib/thumb/v7e-m+dp/hard\libc_nano.a(libc_a-memset.o)
                              C:/ST/STM32CubeIDE_1.18.1/STM32CubeIDE/plugins/com.st.stm32cube.ide.mcu.externaltools.gnu-tools-for-stm32.13.3.rel1.win32_1.0.0.202411081344/tools/bin/../lib/gcc/arm-none-eabi/13.3.1/../../../../arm-none-eabi/lib/thumb/v7e-m+dp/hard/crt0.o (memset)
[...]
Memory Configuration

Name             Origin             Length             Attributes
RAM              0x20000000         0x00080000         xrw
FLASH            0x08000000         0x00200000         xr
*default*        0x00000000         0xffffffff

Linker script and memory map

LOAD C:/ST/STM32CubeIDE_1.18.1/STM32CubeIDE/plugins/com.st.stm32cube.ide.mcu.externaltools.gnu-tools-for-stm32.13.3.rel1.win32_1.0.0.202411081344/tools/bin/../lib/gcc/arm-none-eabi/13.3.1/thumb/v7e-m+dp/hard/crti.o
LOAD C:/ST/STM32CubeIDE_1.18.1/STM32CubeIDE/plugins/com.st.stm32cube.ide.mcu.externaltools.gnu-tools-for-stm32.13.3.rel1.win32_1.0.0.202411081344/tools/bin/../lib/gcc/arm-none-eabi/13.3.1/thumb/v7e-m+dp/hard/crtbegin.o
LOAD C:/ST/STM32CubeIDE_1.18.1/STM32CubeIDE/plugins/com.st.stm32cube.ide.mcu.externaltools.gnu-tools-for-stm32.13.3.rel1.win32_1.0.0.202411081344/tools/bin/../lib/gcc/arm-none-eabi/13.3.1/../../../../arm-none-eabi/lib/thumb/v7e-m+dp/hard/crt0.o
LOAD ./Core/Src/MFRC522_MIFARE.o
LOAD ./Core/Src/MFRC522_STM32.o
LOAD ./Core/Src/main.o
LOAD ./Core/Src/stm32f7xx_hal_msp.o
LOAD ./Core/Src/stm32f7xx_it.o
LOAD ./Core/Src/syscalls.o
LOAD ./Core/Src/sysmem.o
LOAD ./Core/Src/system_stm32f7xx.o
LOAD ./Core/Startup/startup_stm32f767zitx.o
LOAD ./Drivers/STM32F7xx_HAL_Driver/Src/stm32f7xx_hal.o
LOAD ./Drivers/STM32F7xx_HAL_Driver/Src/stm32f7xx_hal_cortex.o
LOAD ./Drivers/STM32F7xx_HAL_Driver/Src/stm32f7xx_hal_dma.o
LOAD ./Drivers/STM32F7xx_HAL_Driver/Src/stm32f7xx_hal_dma_ex.o
LOAD ./Drivers/STM32F7xx_HAL_Driver/Src/stm32f7xx_hal_exti.o
LOAD ./Drivers/STM32F7xx_HAL_Driver/Src/stm32f7xx_hal_flash.o
LOAD ./Drivers/STM32F7xx_HAL_Driver/Src/stm32f7xx_hal_flash_ex.o
LOAD ./Drivers/STM32F7xx_HAL_Driver/Src/stm32f7xx_hal_gpio.o
LOAD ./Drivers/STM32F7xx_HAL_Driver/Src/stm32f7xx_hal_i2c.o
LOAD ./Drivers/STM32F7xx_HAL_Driver/Src/stm32f7xx_hal_i2c_ex.o
LOAD ./Drivers/STM32F7xx_HAL_Driver/Src/stm32f7xx_hal_pwr.o
LOAD ./Drivers/STM32F7xx_HAL_Driver/Src/stm32f7xx_hal_pwr_ex.o
LOAD ./Drivers/STM32F7xx_HAL_Driver/Src/stm32f7xx_hal_rcc.o
LOAD ./Drivers/STM32F7xx_HAL_Driver/Src/stm32f7xx_hal_rcc_ex.o
LOAD ./Drivers/STM32F7xx_HAL_Driver/Src/stm32f7xx_hal_spi.o
LOAD ./Drivers/STM32F7xx_HAL_Driver/Src/stm32f7xx_hal_spi_ex.o
LOAD ./Drivers/STM32F7xx_HAL_Driver/Src/stm32f7xx_hal_uart.o
LOAD ./Drivers/STM32F7xx_HAL_Driver/Src/stm32f7xx_hal_uart_ex.o
START GROUP
LOAD C:/ST/STM32CubeIDE_1.18.1/STM32CubeIDE/plugins/com.st.stm32cube.ide.mcu.externaltools.gnu-tools-for-stm32.13.3.rel1.win32_1.0.0.202411081344/tools/bin/../lib/gcc/arm-none-eabi/13.3.1/../../../../arm-none-eabi/lib/thumb/v7e-m+dp/hard\libc_nano.a
LOAD C:/ST/STM32CubeIDE_1.18.1/STM32CubeIDE/plugins/com.st.stm32cube.ide.mcu.externaltools.gnu-tools-for-stm32.13.3.rel1.win32_1.0.0.202411081344/tools/bin/../lib/gcc/arm-none-eabi/13.3.1/../../../../arm-none-eabi/lib/thumb/v7e-m+dp/hard\libm.a
END GROUP
START GROUP
LOAD C:/ST/STM32CubeIDE_1.18.1/STM32CubeIDE/plugins/com.st.stm32cube.ide.mcu.externaltools.gnu-tools-for-stm32.13.3.rel1.win32_1.0.0.202411081344/tools/bin/../lib/gcc/arm-none-eabi/13.3.1/thumb/v7e-m+dp/hard\libgcc.a
LOAD C:/ST/STM32CubeIDE_1.18.1/STM32CubeIDE/plugins/com.st.stm32cube.ide.mcu.externaltools.gnu-tools-for-stm32.13.3.rel1.win32_1.0.0.202411081344/tools/bin/../lib/gcc/arm-none-eabi/13.3.1/../../../../arm-none-eabi/lib/thumb/v7e-m+dp/hard\libc_nano.a
END GROUP
START GROUP
LOAD C:/ST/STM32CubeIDE_1.18.1/STM32CubeIDE/plugins/com.st.stm32cube.ide.mcu.externaltools.gnu-tools-for-stm32.13.3.rel1.win32_1.0.0.202411081344/tools/bin/../lib/gcc/arm-none-eabi/13.3.1/thumb/v7e-m+dp/hard\libgcc.a
LOAD C:/ST/STM32CubeIDE_1.18.1/STM32CubeIDE/plugins/com.st.stm32cube.ide.mcu.externaltools.gnu-tools-for-stm32.13.3.rel1.win32_1.0.0.202411081344/tools/bin/../lib/gcc/arm-none-eabi/13.3.1/../../../../arm-none-eabi/lib/thumb/v7e-m+dp/hard\libc_nano.a
LOAD C:/ST/STM32CubeIDE_1.18.1/STM32CubeIDE/plugins/com.st.stm32cube.ide.mcu.externaltools.gnu-tools-for-stm32.13.3.rel1.win32_1.0.0.202411081344/tools/bin/../lib/gcc/arm-none-eabi/13.3.1/../../../../arm-none-eabi/lib/thumb/v7e-m+dp/hard\libnosys.a
END GROUP
START GROUP
LOAD C:/ST/STM32CubeIDE_1.18.1/STM32CubeIDE/plugins/com.st.stm32cube.ide.mcu.externaltools.gnu-tools-for-stm32.13.3.rel1.win32_1.0.0.202411081344/tools/bin/../lib/gcc/arm-none-eabi/13.3.1/thumb/v7e-m+dp/hard\libgcc.a
LOAD C:/ST/STM32CubeIDE_1.18.1/STM32CubeIDE/plugins/com.st.stm32cube.ide.mcu.externaltools.gnu-tools-for-stm32.13.3.rel1.win32_1.0.0.202411081344/tools/bin/../lib/gcc/arm-none-eabi/13.3.1/../../../../arm-none-eabi/lib/thumb/v7e-m+dp/hard\libc_nano.a
LOAD C:/ST/STM32CubeIDE_1.18.1/STM32CubeIDE/plugins/com.st.stm32cube.ide.mcu.externaltools.gnu-tools-for-stm32.13.3.rel1.win32_1.0.0.202411081344/tools/bin/../lib/gcc/arm-none-eabi/13.3.1/../../../../arm-none-eabi/lib/thumb/v7e-m+dp/hard\libnosys.a
END GROUP
LOAD C:/ST/STM32CubeIDE_1.18.1/STM32CubeIDE/plugins/com.st.stm32cube.ide.mcu.externaltools.gnu-tools-for-stm32.13.3.rel1.win32_1.0.0.202411081344/tools/bin/../lib/gcc/arm-none-eabi/13.3.1/thumb/v7e-m+dp/hard/crtend.o
LOAD C:/ST/STM32CubeIDE_1.18.1/STM32CubeIDE/plugins/com.st.stm32cube.ide.mcu.externaltools.gnu-tools-for-stm32.13.3.rel1.win32_1.0.0.202411081344/tools/bin/../lib/gcc/arm-none-eabi/13.3.1/thumb/v7e-m+dp/hard/crtn.o
                0x20080000                        _estack = (ORIGIN (RAM) + LENGTH (RAM))
                0x00000200                        _Min_Heap_Size = 0x200
                0x00000400                        _Min_Stack_Size = 0x400

.isr_vector     0x08000000      0x1f8
                0x08000000                        . = ALIGN (0x4)
 *(.isr_vector)
 .isr_vector    0x08000000      0x1f8 ./Core/Startup/startup_stm32f767zitx.o
                0x08000000                g_pfnVectors
                0x080001f8                        . = ALIGN (0x4)

.text           0x08000200     0x6a7c
                0x08000200                        . = ALIGN (0x4)
 *(.text)
 .text          0x08000200       0x40 C:/ST/STM32CubeIDE_1.18.1/STM32CubeIDE/plugins/com.st.stm32cube.ide.mcu.externaltools.gnu-tools-for-stm32.13.3.rel1.win32_1.0.0.202411081344/tools/bin/../lib/gcc/arm-none-eabi/13.3.1/thumb/v7e-m+dp/hard/crtbegin.o
 .text          0x08000240       0x10 C:/ST/STM32CubeIDE_1.18.1/STM32CubeIDE/plugins/com.st.stm32cube.ide.mcu.externaltools.gnu-tools-for-stm32.13.3.rel1.win32_1.0.0.202411081344/tools/bin/../lib/gcc/arm-none-eabi/13.3.1/../../../../arm-none-eabi/lib/thumb/v7e-m+dp/hard\libc_nano.a(libc_a-strlen.o)
                0x08000240                strlen
 .text          0x08000250       0xa0 C:/ST/STM32CubeIDE_1.18.1/STM32CubeIDE/plugins/com.st.stm32cube.ide.mcu.externaltools.gnu-tools-for-stm32.13.3.rel1.win32_1.0.0.202411081344/tools/bin/../lib/gcc/arm-none-eabi/13.3.1/../../../../arm-none-eabi/lib/thumb/v7e-m+dp/hard\libc_nano.a(libc_a-memchr.o)
                0x08000250                memchr
 .text          0x080002f0       0x30 C:/ST/STM32CubeIDE_1.18.1/STM32CubeIDE/plugins/com.st.stm32cube.ide.mcu.externaltools.gnu-tools-for-stm32.13.3.rel1.win32_1.0.0.202411081344/tools/bin/../lib/gcc/arm-none-eabi/13.3.1/thumb/v7e-m+dp/hard\libgcc.a(_aeabi_uldivmod.o)
                0x080002f0                __aeabi_uldivmod
 .text          0x08000320      0x2f8 C:/ST/STM32CubeIDE_1.18.1/STM32CubeIDE/plugins/com.st.stm32cube.ide.mcu.externaltools.gnu-tools-for-stm32.13.3.rel1.win32_1.0.0.202411081344/tools/bin/../lib/gcc/arm-none-eabi/13.3.1/thumb/v7e-m+dp/hard\libgcc.a(_udivmoddi4.o)
                0x08000320                __udivmoddi4
 .text          0x08000618        0x4 C:/ST/STM32CubeIDE_1.18.1/STM32CubeIDE/plugins/com.st.stm32cube.ide.mcu.externaltools.gnu-tools-for-stm32.13.3.rel1.win32_1.0.0.202411081344/tools/bin/../lib/gcc/arm-none-eabi/13.3.1/thumb/v7e-m+dp/hard\libgcc.a(_dvmd_tls.o)
                0x08000618                __aeabi_idiv0
                0x08000618                __aeabi_ldiv0
 *(.text*)
 .text.calc_crc
                0x0800061c       0xc2 ./Core/Src/MFRC522_MIFARE.o
 .text.communicate_with_picc
                0x080006de      0x178 ./Core/Src/MFRC522_MIFARE.o
 .text.MFRC522_PICC_RequestA
                0x08000856       0x64 ./Core/Src/MFRC522_MIFARE.o
                0x08000856                MFRC522_PICC_RequestA
 .text.MFRC522_PICC_WakeupA
                0x080008ba       0x64 ./Core/Src/MFRC522_MIFARE.o
                0x080008ba                MFRC522_PICC_WakeupA
 .text.MFRC522_PICC_Anticoll_CL1
                0x0800091e       0xa2 ./Core/Src/MFRC522_MIFARE.o
                0x0800091e                MFRC522_PICC_Anticoll_CL1
 .text.MFRC522_SelectCL1
                0x080009c0       0xc0 ./Core/Src/MFRC522_MIFARE.o
                0x080009c0                MFRC522_SelectCL1
 .text.MFRC522_PICC_HaltA
                0x08000a80       0x70 ./Core/Src/MFRC522_MIFARE.o
                0x08000a80                MFRC522_PICC_HaltA
 .text.MFRC522_MifareAuthKeyA
                0x08000af0       0x86 ./Core/Src/MFRC522_MIFARE.o
                0x08000af0                MFRC522_MifareAuthKeyA
 .text.MFRC522_MifareReadBlock16
                0x08000b76       0xca ./Core/Src/MFRC522_MIFARE.o
                0x08000b76                MFRC522_MifareReadBlock16
 .text.is_ack   0x08000c40       0x38 ./Core/Src/MFRC522_MIFARE.o
 .text.MFRC522_MifareWriteBlock16
                0x08000c78      0x16e ./Core/Src/MFRC522_MIFARE.o
                0x08000c78                MFRC522_MifareWriteBlock16
 .text.MFRC522_StopCrypto1
                0x08000de6       0x1a ./Core/Src/MFRC522_MIFARE.o
                0x08000de6                MFRC522_StopCrypto1
 .text.MFRC522_WaitCardRemoval
                0x08000e00       0x54 ./Core/Src/MFRC522_MIFARE.o
                0x08000e00                MFRC522_WaitCardRemoval
 .text.MFRC522_Init
                0x08000e54      0x130 ./Core/Src/MFRC522_STM32.o
                0x08000e54                MFRC522_Init
 .text.MFRC522_AntennaOn
                0x08000f84       0x1a ./Core/Src/MFRC522_STM32.o
                0x08000f84                MFRC522_AntennaOn
 .text.MFRC522_ReadReg
                0x08000f9e       0x7c ./Core/Src/MFRC522_STM32.o
                0x08000f9e                MFRC522_ReadReg
 .text.MFRC522_WriteReg
                0x0800101a       0x6e ./Core/Src/MFRC522_STM32.o
                0x0800101a                MFRC522_WriteReg
 .text.MFRC522_SetBitMask
                0x08001088       0x38 ./Core/Src/MFRC522_STM32.o
                0x08001088                MFRC522_SetBitMask
 .text.MFRC522_ClearBitMask
                0x080010c0       0x42 ./Core/Src/MFRC522_STM32.o
                0x080010c0                MFRC522_ClearBitMask
 *fill*         0x08001102        0x2 
 .text._write   0x08001104       0x28 ./Core/Src/main.o
                0x08001104                _write
 .text.make_token_from_password
                0x0800112c       0x64 ./Core/Src/main.o
 .text.token_has_pw
                0x08001190       0x3a ./Core/Src/main.o
 *fill*         0x080011ca        0x2 
 .text.print_token_pw
                0x080011cc       0x48 ./Core/Src/main.o
 .text.handle_line
                0x08001214       0x88 ./Core/Src/main.o
 .text.process_card_once
                0x0800129c      0x2dc ./Core/Src/main.o
 .text.main     0x08001578       0xa0 ./Core/Src/main.o
                0x08001578                main
 .text.SystemClock_Config
                0x08001618       0xe0 ./Core/Src/main.o
                0x08001618                SystemClock_Config
 .text.MX_SPI1_Init
                0x080016f8       0x7c ./Core/Src/main.o
 .text.MX_USART3_UART_Init
                0x08001774       0x60 ./Core/Src/main.o
 .text.MX_GPIO_Init
                0x080017d4       0x94 ./Core/Src/main.o
 .text.HAL_UART_RxCpltCallback
                0x08001868       0x94 ./Core/Src/main.o
                0x08001868                HAL_UART_RxCpltCallback
 .text.Error_Handler
                0x080018fc        0xc ./Core/Src/main.o
                0x080018fc                Error_Handler
 .text.HAL_MspInit
                0x08001908       0x48 ./Core/Src/stm32f7xx_hal_msp.o
                0x08001908                HAL_MspInit
 .text.HAL_SPI_MspInit
                0x08001950       0x88 ./Core/Src/stm32f7xx_hal_msp.o
                0x08001950                HAL_SPI_MspInit
 .text.HAL_UART_MspInit
                0x080019d8       0xd0 ./Core/Src/stm32f7xx_hal_msp.o
                0x080019d8                HAL_UART_MspInit
 .text.NMI_Handler
                0x08001aa8        0x8 ./Core/Src/stm32f7xx_it.o
                0x08001aa8                NMI_Handler
 .text.HardFault_Handler
                0x08001ab0        0x8 ./Core/Src/stm32f7xx_it.o
                0x08001ab0                HardFault_Handler
 .text.MemManage_Handler
                0x08001ab8        0x8 ./Core/Src/stm32f7xx_it.o
                0x08001ab8                MemManage_Handler
 .text.BusFault_Handler
                0x08001ac0        0x8 ./Core/Src/stm32f7xx_it.o
                0x08001ac0                BusFault_Handler
 .text.UsageFault_Handler
                0x08001ac8        0x8 ./Core/Src/stm32f7xx_it.o
                0x08001ac8                UsageFault_Handler
 .text.SVC_Handler
                0x08001ad0        0xe ./Core/Src/stm32f7xx_it.o
                0x08001ad0                SVC_Handler
 .text.DebugMon_Handler
                0x08001ade        0xe ./Core/Src/stm32f7xx_it.o
                0x08001ade                DebugMon_Handler
 .text.PendSV_Handler
                0x08001aec        0xe ./Core/Src/stm32f7xx_it.o
                0x08001aec                PendSV_Handler
 .text.SysTick_Handler
                0x08001afa        0xc ./Core/Src/stm32f7xx_it.o
                0x08001afa                SysTick_Handler
 *fill*         0x08001b06        0x2 
 .text.USART3_IRQHandler
                0x08001b08       0x14 ./Core/Src/stm32f7xx_it.o
                0x08001b08                USART3_IRQHandler
 .text._read    0x08001b1c       0x3a ./Core/Src/syscalls.o
                0x08001b1c                _read
 .text._close   0x08001b56       0x18 ./Core/Src/syscalls.o
                0x08001b56                _close
 .text._fstat   0x08001b6e       0x20 ./Core/Src/syscalls.o
                0x08001b6e                _fstat
 .text._isatty  0x08001b8e       0x16 ./Core/Src/syscalls.o
                0x08001b8e                _isatty
 .text._lseek   0x08001ba4       0x1a ./Core/Src/syscalls.o
                0x08001ba4                _lseek
 *fill*         0x08001bbe        0x2 
 .text._sbrk    0x08001bc0       0x6c ./Core/Src/sysmem.o
                0x08001bc0                _sbrk
 .text.SystemInit
                0x08001c2c       0x24 ./Core/Src/system_stm32f7xx.o
                0x08001c2c                SystemInit
 .text.Reset_Handler
                0x08001c50       0x50 ./Core/Startup/startup_stm32f767zitx.o
                0x08001c50                Reset_Handler
 .text.Default_Handler
                0x08001ca0        0x2 ./Core/Startup/startup_stm32f767zitx.o
                0x08001ca0                RTC_Alarm_IRQHandler
                0x08001ca0                EXTI2_IRQHandler
                0x08001ca0                TIM8_CC_IRQHandler
                0x08001ca0                UART8_IRQHandler
                0x08001ca0                SPI4_IRQHandler
                0x08001ca0                TIM1_CC_IRQHandler
                0x08001ca0                DMA2_Stream5_IRQHandler
                0x08001ca0                JPEG_IRQHandler
                0x08001ca0                DMA1_Stream5_IRQHandler
                0x08001ca0                CAN3_RX1_IRQHandler
                0x08001ca0                PVD_IRQHandler
                0x08001ca0                TAMP_STAMP_IRQHandler
                0x08001ca0                CAN2_RX1_IRQHandler
                0x08001ca0                EXTI3_IRQHandler
                0x08001ca0                TIM8_TRG_COM_TIM14_IRQHandler
                0x08001ca0                DFSDM1_FLT1_IRQHandler
                0x08001ca0                TIM1_UP_TIM10_IRQHandler
                0x08001ca0                TIM8_UP_TIM13_IRQHandler
                0x08001ca0                I2C3_ER_IRQHandler
                0x08001ca0                DFSDM1_FLT2_IRQHandler
                0x08001ca0                EXTI0_IRQHandler
                0x08001ca0                I2C2_EV_IRQHandler
                0x08001ca0                DMA1_Stream2_IRQHandler
                0x08001ca0                CAN1_RX0_IRQHandler
                0x08001ca0                FPU_IRQHandler
                0x08001ca0                OTG_HS_WKUP_IRQHandler
                0x08001ca0                CAN3_SCE_IRQHandler
                0x08001ca0                LTDC_ER_IRQHandler
                0x08001ca0                CAN2_SCE_IRQHandler
                0x08001ca0                DMA2_Stream2_IRQHandler
                0x08001ca0                SPI1_IRQHandler
                0x08001ca0                TIM6_DAC_IRQHandler
                0x08001ca0                TIM1_BRK_TIM9_IRQHandler
                0x08001ca0                DCMI_IRQHandler
                0x08001ca0                CAN2_RX0_IRQHandler
                0x08001ca0                DMA2_Stream3_IRQHandler
                0x08001ca0                SAI2_IRQHandler
                0x08001ca0                DFSDM1_FLT3_IRQHandler
                0x08001ca0                USART6_IRQHandler
                0x08001ca0                CAN3_RX0_IRQHandler
                0x08001ca0                CAN1_RX1_IRQHandler
                0x08001ca0                UART5_IRQHandler
                0x08001ca0                DMA2_Stream0_IRQHandler
                0x08001ca0                TIM4_IRQHandler
                0x08001ca0                QUADSPI_IRQHandler
                0x08001ca0                I2C1_EV_IRQHandler
                0x08001ca0                DMA1_Stream6_IRQHandler
                0x08001ca0                DMA1_Stream1_IRQHandler
                0x08001ca0                UART4_IRQHandler
                0x08001ca0                TIM3_IRQHandler
                0x08001ca0                RCC_IRQHandler
                0x08001ca0                TIM8_BRK_TIM12_IRQHandler
                0x08001ca0                Default_Handler
                0x08001ca0                CEC_IRQHandler
                0x08001ca0                EXTI15_10_IRQHandler
                0x08001ca0                ADC_IRQHandler
                0x08001ca0                DMA1_Stream7_IRQHandler
                0x08001ca0                SPI5_IRQHandler
                0x08001ca0                TIM7_IRQHandler
                0x08001ca0                SDMMC1_IRQHandler
                0x08001ca0                CAN2_TX_IRQHandler
                0x08001ca0                TIM5_IRQHandler
                0x08001ca0                DMA2_Stream7_IRQHandler
                0x08001ca0                I2C3_EV_IRQHandler
                0x08001ca0                EXTI9_5_IRQHandler
                0x08001ca0                RTC_WKUP_IRQHandler
                0x08001ca0                LTDC_IRQHandler
                0x08001ca0                ETH_WKUP_IRQHandler
                0x08001ca0                SPDIF_RX_IRQHandler
                0x08001ca0                SPI2_IRQHandler
                0x08001ca0                OTG_HS_EP1_IN_IRQHandler
                0x08001ca0                DMA1_Stream0_IRQHandler
                0x08001ca0                CAN1_TX_IRQHandler
                0x08001ca0                EXTI4_IRQHandler
                0x08001ca0                RNG_IRQHandler
                0x08001ca0                ETH_IRQHandler
                0x08001ca0                OTG_HS_EP1_OUT_IRQHandler
                0x08001ca0                WWDG_IRQHandler
                0x08001ca0                SPI6_IRQHandler
                0x08001ca0                MDIOS_IRQHandler
                0x08001ca0                I2C4_EV_IRQHandler
                0x08001ca0                CAN3_TX_IRQHandler
                0x08001ca0                TIM2_IRQHandler
                0x08001ca0                OTG_FS_WKUP_IRQHandler
                0x08001ca0                TIM1_TRG_COM_TIM11_IRQHandler
                0x08001ca0                OTG_HS_IRQHandler
                0x08001ca0                DMA2D_IRQHandler
                0x08001ca0                EXTI1_IRQHandler
                0x08001ca0                SDMMC2_IRQHandler
                0x08001ca0                UART7_IRQHandler
                0x08001ca0                USART2_IRQHandler
                0x08001ca0                DFSDM1_FLT0_IRQHandler
                0x08001ca0                I2C2_ER_IRQHandler
                0x08001ca0                DMA2_Stream1_IRQHandler
                0x08001ca0                CAN1_SCE_IRQHandler
                0x08001ca0                FLASH_IRQHandler
                0x08001ca0                DMA2_Stream4_IRQHandler
                0x08001ca0                USART1_IRQHandler
                0x08001ca0                OTG_FS_IRQHandler
                0x08001ca0                SPI3_IRQHandler
                0x08001ca0                DMA1_Stream4_IRQHandler
                0x08001ca0                I2C1_ER_IRQHandler
                0x08001ca0                FMC_IRQHandler
                0x08001ca0                LPTIM1_IRQHandler
                0x08001ca0                I2C4_ER_IRQHandler
                0x08001ca0                DMA2_Stream6_IRQHandler
                0x08001ca0                SAI1_IRQHandler
                0x08001ca0                DMA1_Stream3_IRQHandler
 .text.HAL_Init
                0x08001ca2       0x1a ./Drivers/STM32F7xx_HAL_Driver/Src/stm32f7xx_hal.o
                0x08001ca2                HAL_Init
 .text.HAL_InitTick
                0x08001cbc       0x60 ./Drivers/STM32F7xx_HAL_Driver/Src/stm32f7xx_hal.o
                0x08001cbc                HAL_InitTick
 .text.HAL_IncTick
                0x08001d1c       0x28 ./Drivers/STM32F7xx_HAL_Driver/Src/stm32f7xx_hal.o
                0x08001d1c                HAL_IncTick
 .text.HAL_GetTick
                0x08001d44       0x18 ./Drivers/STM32F7xx_HAL_Driver/Src/stm32f7xx_hal.o
                0x08001d44                HAL_GetTick
 .text.HAL_Delay
                0x08001d5c       0x48 ./Drivers/STM32F7xx_HAL_Driver/Src/stm32f7xx_hal.o
                0x08001d5c                HAL_Delay
 .text.__NVIC_SetPriorityGrouping
                0x08001da4       0x48 ./Drivers/STM32F7xx_HAL_Driver/Src/stm32f7xx_hal_cortex.o
 .text.__NVIC_GetPriorityGrouping
                0x08001dec       0x1c ./Drivers/STM32F7xx_HAL_Driver/Src/stm32f7xx_hal_cortex.o
 .text.__NVIC_EnableIRQ
                0x08001e08       0x3c ./Drivers/STM32F7xx_HAL_Driver/Src/stm32f7xx_hal_cortex.o
 .text.__NVIC_SetPriority
                0x08001e44       0x54 ./Drivers/STM32F7xx_HAL_Driver/Src/stm32f7xx_hal_cortex.o
 .text.NVIC_EncodePriority
                0x08001e98       0x66 ./Drivers/STM32F7xx_HAL_Driver/Src/stm32f7xx_hal_cortex.o
 *fill*         0x08001efe        0x2 
 .text.SysTick_Config
                0x08001f00       0x44 ./Drivers/STM32F7xx_HAL_Driver/Src/stm32f7xx_hal_cortex.o
 .text.HAL_NVIC_SetPriorityGrouping
                0x08001f44       0x16 ./Drivers/STM32F7xx_HAL_Driver/Src/stm32f7xx_hal_cortex.o
                0x08001f44                HAL_NVIC_SetPriorityGrouping
 .text.HAL_NVIC_SetPriority
                0x08001f5a       0x38 ./Drivers/STM32F7xx_HAL_Driver/Src/stm32f7xx_hal_cortex.o
                0x08001f5a                HAL_NVIC_SetPriority
 .text.HAL_NVIC_EnableIRQ
                0x08001f92       0x1c ./Drivers/STM32F7xx_HAL_Driver/Src/stm32f7xx_hal_cortex.o
                0x08001f92                HAL_NVIC_EnableIRQ
 .text.HAL_SYSTICK_Config
                0x08001fae       0x18 ./Drivers/STM32F7xx_HAL_Driver/Src/stm32f7xx_hal_cortex.o
                0x08001fae                HAL_SYSTICK_Config
 .text.HAL_DMA_Abort
                0x08001fc6       0xe0 ./Drivers/STM32F7xx_HAL_Driver/Src/stm32f7xx_hal_dma.o
                0x08001fc6                HAL_DMA_Abort
 .text.HAL_DMA_Abort_IT
                0x080020a6       0x44 ./Drivers/STM32F7xx_HAL_Driver/Src/stm32f7xx_hal_dma.o
                0x080020a6                HAL_DMA_Abort_IT
 *fill*         0x080020ea        0x2 
 .text.HAL_GPIO_Init
                0x080020ec      0x358 ./Drivers/STM32F7xx_HAL_Driver/Src/stm32f7xx_hal_gpio.o
                0x080020ec                HAL_GPIO_Init
 .text.HAL_GPIO_WritePin
                0x08002444       0x32 ./Drivers/STM32F7xx_HAL_Driver/Src/stm32f7xx_hal_gpio.o
                0x08002444                HAL_GPIO_WritePin
 *fill*         0x08002476        0x2 
 .text.HAL_PWREx_EnableOverDrive
                0x08002478       0xa0 ./Drivers/STM32F7xx_HAL_Driver/Src/stm32f7xx_hal_pwr_ex.o
                0x08002478                HAL_PWREx_EnableOverDrive
 .text.HAL_RCC_OscConfig
                0x08002518      0x55c ./Drivers/STM32F7xx_HAL_Driver/Src/stm32f7xx_hal_rcc.o
                0x08002518                HAL_RCC_OscConfig
 .text.HAL_RCC_ClockConfig
                0x08002a74      0x1d8 ./Drivers/STM32F7xx_HAL_Driver/Src/stm32f7xx_hal_rcc.o
                0x08002a74                HAL_RCC_ClockConfig
 .text.HAL_RCC_GetSysClockFreq
                0x08002c4c      0x20c ./Drivers/STM32F7xx_HAL_Driver/Src/stm32f7xx_hal_rcc.o
                0x08002c4c                HAL_RCC_GetSysClockFreq
 .text.HAL_RCC_GetHCLKFreq
                0x08002e58       0x18 ./Drivers/STM32F7xx_HAL_Driver/Src/stm32f7xx_hal_rcc.o
                0x08002e58                HAL_RCC_GetHCLKFreq
 .text.HAL_RCC_GetPCLK1Freq
                0x08002e70       0x28 ./Drivers/STM32F7xx_HAL_Driver/Src/stm32f7xx_hal_rcc.o
                0x08002e70                HAL_RCC_GetPCLK1Freq
 .text.HAL_RCC_GetPCLK2Freq
                0x08002e98       0x28 ./Drivers/STM32F7xx_HAL_Driver/Src/stm32f7xx_hal_rcc.o
                0x08002e98                HAL_RCC_GetPCLK2Freq
 .text.HAL_RCCEx_PeriphCLKConfig
                0x08002ec0      0x850 ./Drivers/STM32F7xx_HAL_Driver/Src/stm32f7xx_hal_rcc_ex.o
                0x08002ec0                HAL_RCCEx_PeriphCLKConfig
 .text.HAL_SPI_Init
                0x08003710      0x156 ./Drivers/STM32F7xx_HAL_Driver/Src/stm32f7xx_hal_spi.o
                0x08003710                HAL_SPI_Init
 .text.HAL_SPI_Transmit
                0x08003866      0x2ec ./Drivers/STM32F7xx_HAL_Driver/Src/stm32f7xx_hal_spi.o
                0x08003866                HAL_SPI_Transmit
 .text.HAL_SPI_Receive
                0x08003b52      0x270 ./Drivers/STM32F7xx_HAL_Driver/Src/stm32f7xx_hal_spi.o
                0x08003b52                HAL_SPI_Receive
 .text.HAL_SPI_TransmitReceive
                0x08003dc2      0x43e ./Drivers/STM32F7xx_HAL_Driver/Src/stm32f7xx_hal_spi.o
                0x08003dc2                HAL_SPI_TransmitReceive
 .text.SPI_WaitFlagStateUntilTimeout
                0x08004200      0x110 ./Drivers/STM32F7xx_HAL_Driver/Src/stm32f7xx_hal_spi.o
 .text.SPI_WaitFifoStateUntilTimeout
                0x08004310      0x12c ./Drivers/STM32F7xx_HAL_Driver/Src/stm32f7xx_hal_spi.o
 .text.SPI_EndRxTransaction
                0x0800443c       0xf8 ./Drivers/STM32F7xx_HAL_Driver/Src/stm32f7xx_hal_spi.o
 .text.SPI_EndRxTxTransaction
                0x08004534       0xd4 ./Drivers/STM32F7xx_HAL_Driver/Src/stm32f7xx_hal_spi.o
 .text.HAL_UART_Init
                0x08004608       0x9c ./Drivers/STM32F7xx_HAL_Driver/Src/stm32f7xx_hal_uart.o
                0x08004608                HAL_UART_Init
 .text.HAL_UART_Transmit
                0x080046a4      0x112 ./Drivers/STM32F7xx_HAL_Driver/Src/stm32f7xx_hal_uart.o
                0x080046a4                HAL_UART_Transmit
 .text.HAL_UART_Receive_IT
                0x080047b6       0x88 ./Drivers/STM32F7xx_HAL_Driver/Src/stm32f7xx_hal_uart.o
                0x080047b6                HAL_UART_Receive_IT
 *fill*         0x0800483e        0x2 
 .text.HAL_UART_IRQHandler
                0x08004840      0x604 ./Drivers/STM32F7xx_HAL_Driver/Src/stm32f7xx_hal_uart.o
                0x08004840                HAL_UART_IRQHandler
 .text.HAL_UART_TxCpltCallback
                0x08004e44       0x14 ./Drivers/STM32F7xx_HAL_Driver/Src/stm32f7xx_hal_uart.o
                0x08004e44                HAL_UART_TxCpltCallback
 .text.HAL_UART_ErrorCallback
                0x08004e58       0x14 ./Drivers/STM32F7xx_HAL_Driver/Src/stm32f7xx_hal_uart.o
                0x08004e58                HAL_UART_ErrorCallback
 .text.HAL_UARTEx_RxEventCallback
                0x08004e6c       0x18 ./Drivers/STM32F7xx_HAL_Driver/Src/stm32f7xx_hal_uart.o
                0x08004e6c                HAL_UARTEx_RxEventCallback
 .text.HAL_UARTEx_WakeupCallback
                0x08004e84       0x14 ./Drivers/STM32F7xx_HAL_Driver/Src/stm32f7xx_hal_uart.o
                0x08004e84                HAL_UARTEx_WakeupCallback
 .text.UART_SetConfig
                0x08004e98      0x4c8 ./Drivers/STM32F7xx_HAL_Driver/Src/stm32f7xx_hal_uart.o
                0x08004e98                UART_SetConfig
 .text.UART_AdvFeatureConfig
                0x08005360      0x144 ./Drivers/STM32F7xx_HAL_Driver/Src/stm32f7xx_hal_uart.o
                0x08005360                UART_AdvFeatureConfig
 .text.UART_CheckIdleState
                0x080054a4      0x150 ./Drivers/STM32F7xx_HAL_Driver/Src/stm32f7xx_hal_uart.o
                0x080054a4                UART_CheckIdleState
 .text.UART_WaitOnFlagUntilTimeout
                0x080055f4       0xda ./Drivers/STM32F7xx_HAL_Driver/Src/stm32f7xx_hal_uart.o
                0x080055f4                UART_WaitOnFlagUntilTimeout
 *fill*         0x080056ce        0x2 
 .text.UART_Start_Receive_IT
                0x080056d0      0x18c ./Drivers/STM32F7xx_HAL_Driver/Src/stm32f7xx_hal_uart.o
                0x080056d0                UART_Start_Receive_IT
 .text.UART_EndRxTransfer
                0x0800585c       0xc8 ./Drivers/STM32F7xx_HAL_Driver/Src/stm32f7xx_hal_uart.o
 .text.UART_DMAAbortOnError
                0x08005924       0x24 ./Drivers/STM32F7xx_HAL_Driver/Src/stm32f7xx_hal_uart.o
 .text.UART_EndTransmit_IT
                0x08005948       0x54 ./Drivers/STM32F7xx_HAL_Driver/Src/stm32f7xx_hal_uart.o
 .text.UART_RxISR_8BIT
                0x0800599c      0x1a8 ./Drivers/STM32F7xx_HAL_Driver/Src/stm32f7xx_hal_uart.o
 .text.UART_RxISR_16BIT
                0x08005b44      0x1a8 ./Drivers/STM32F7xx_HAL_Driver/Src/stm32f7xx_hal_uart.o
 .text.std      0x08005cec       0x6c C:/ST/STM32CubeIDE_1.18.1/STM32CubeIDE/plugins/com.st.stm32cube.ide.mcu.externaltools.gnu-tools-for-stm32.13.3.rel1.win32_1.0.0.202411081344/tools/bin/../lib/gcc/arm-none-eabi/13.3.1/../../../../arm-none-eabi/lib/thumb/v7e-m+dp/hard\libc_nano.a(libc_a-findfp.o)
 .text.stdio_exit_handler
                0x08005d58       0x18 C:/ST/STM32CubeIDE_1.18.1/STM32CubeIDE/plugins/com.st.stm32cube.ide.mcu.externaltools.gnu-tools-for-stm32.13.3.rel1.win32_1.0.0.202411081344/tools/bin/../lib/gcc/arm-none-eabi/13.3.1/../../../../arm-none-eabi/lib/thumb/v7e-m+dp/hard\libc_nano.a(libc_a-findfp.o)
 .text.cleanup_stdio
                0x08005d70       0x40 C:/ST/STM32CubeIDE_1.18.1/STM32CubeIDE/plugins/com.st.stm32cube.ide.mcu.externaltools.gnu-tools-for-stm32.13.3.rel1.win32_1.0.0.202411081344/tools/bin/../lib/gcc/arm-none-eabi/13.3.1/../../../../arm-none-eabi/lib/thumb/v7e-m+dp/hard\libc_nano.a(libc_a-findfp.o)
 .text.global_stdio_init.part.0
                0x08005db0       0x3c C:/ST/STM32CubeIDE_1.18.1/STM32CubeIDE/plugins/com.st.stm32cube.ide.mcu.externaltools.gnu-tools-for-stm32.13.3.rel1.win32_1.0.0.202411081344/tools/bin/../lib/gcc/arm-none-eabi/13.3.1/../../../../arm-none-eabi/lib/thumb/v7e-m+dp/hard\libc_nano.a(libc_a-findfp.o)
 .text.__sfp_lock_acquire
                0x08005dec        0xc C:/ST/STM32CubeIDE_1.18.1/STM32CubeIDE/plugins/com.st.stm32cube.ide.mcu.externaltools.gnu-tools-for-stm32.13.3.rel1.win32_1.0.0.202411081344/tools/bin/../lib/gcc/arm-none-eabi/13.3.1/../../../../arm-none-eabi/lib/thumb/v7e-m+dp/hard\libc_nano.a(libc_a-findfp.o)
                0x08005dec                __sfp_lock_acquire
 .text.__sfp_lock_release
                0x08005df8        0xc C:/ST/STM32CubeIDE_1.18.1/STM32CubeIDE/plugins/com.st.stm32cube.ide.mcu.externaltools.gnu-tools-for-stm32.13.3.rel1.win32_1.0.0.202411081344/tools/bin/../lib/gcc/arm-none-eabi/13.3.1/../../../../arm-none-eabi/lib/thumb/v7e-m+dp/hard\libc_nano.a(libc_a-findfp.o)
                0x08005df8                __sfp_lock_release
 .text.__sinit  0x08005e04       0x30 C:/ST/STM32CubeIDE_1.18.1/STM32CubeIDE/plugins/com.st.stm32cube.ide.mcu.externaltools.gnu-tools-for-stm32.13.3.rel1.win32_1.0.0.202411081344/tools/bin/../lib/gcc/arm-none-eabi/13.3.1/../../../../arm-none-eabi/lib/thumb/v7e-m+dp/hard\libc_nano.a(libc_a-findfp.o)
                0x08005e04                __sinit
 .text._fwalk_sglue
                0x08005e34       0x3c C:/ST/STM32CubeIDE_1.18.1/STM32CubeIDE/plugins/com.st.stm32cube.ide.mcu.externaltools.gnu-tools-for-stm32.13.3.rel1.win32_1.0.0.202411081344/tools/bin/../lib/gcc/arm-none-eabi/13.3.1/../../../../arm-none-eabi/lib/thumb/v7e-m+dp/hard\libc_nano.a(libc_a-fwalk.o)
                0x08005e34                _fwalk_sglue
 .text.printf   0x08005e70       0x24 C:/ST/STM32CubeIDE_1.18.1/STM32CubeIDE/plugins/com.st.stm32cube.ide.mcu.externaltools.gnu-tools-for-stm32.13.3.rel1.win32_1.0.0.202411081344/tools/bin/../lib/gcc/arm-none-eabi/13.3.1/../../../../arm-none-eabi/lib/thumb/v7e-m+dp/hard\libc_nano.a(libc_a-printf.o)
                0x08005e70                iprintf
                0x08005e70                printf
 .text._puts_r  0x08005e94       0xaa C:/ST/STM32CubeIDE_1.18.1/STM32CubeIDE/plugins/com.st.stm32cube.ide.mcu.externaltools.gnu-tools-for-stm32.13.3.rel1.win32_1.0.0.202411081344/tools/bin/../lib/gcc/arm-none-eabi/13.3.1/../../../../arm-none-eabi/lib/thumb/v7e-m+dp/hard\libc_nano.a(libc_a-puts.o)
                0x08005e94                _puts_r
 *fill*         0x08005f3e        0x2 
 .text.puts     0x08005f40       0x10 C:/ST/STM32CubeIDE_1.18.1/STM32CubeIDE/plugins/com.st.stm32cube.ide.mcu.externaltools.gnu-tools-for-stm32.13.3.rel1.win32_1.0.0.202411081344/tools/bin/../lib/gcc/arm-none-eabi/13.3.1/../../../../arm-none-eabi/lib/thumb/v7e-m+dp/hard\libc_nano.a(libc_a-puts.o)
                0x08005f40                puts
 .text.__sread  0x08005f50       0x22 C:/ST/STM32CubeIDE_1.18.1/STM32CubeIDE/plugins/com.st.stm32cube.ide.mcu.externaltools.gnu-tools-for-stm32.13.3.rel1.win32_1.0.0.202411081344/tools/bin/../lib/gcc/arm-none-eabi/13.3.1/../../../../arm-none-eabi/lib/thumb/v7e-m+dp/hard\libc_nano.a(libc_a-stdio.o)
                0x08005f50                __sread
 .text.__swrite
                0x08005f72       0x38 C:/ST/STM32CubeIDE_1.18.1/STM32CubeIDE/plugins/com.st.stm32cube.ide.mcu.externaltools.gnu-tools-for-stm32.13.3.rel1.win32_1.0.0.202411081344/tools/bin/../lib/gcc/arm-none-eabi/13.3.1/../../../../arm-none-eabi/lib/thumb/v7e-m+dp/hard\libc_nano.a(libc_a-stdio.o)
                0x08005f72                __swrite
 .text.__sseek  0x08005faa       0x24 C:/ST/STM32CubeIDE_1.18.1/STM32CubeIDE/plugins/com.st.stm32cube.ide.mcu.externaltools.gnu-tools-for-stm32.13.3.rel1.win32_1.0.0.202411081344/tools/bin/../lib/gcc/arm-none-eabi/13.3.1/../../../../arm-none-eabi/lib/thumb/v7e-m+dp/hard\libc_nano.a(libc_a-stdio.o)
                0x08005faa                __sseek
 .text.__sclose
                0x08005fce        0x8 C:/ST/STM32CubeIDE_1.18.1/STM32CubeIDE/plugins/com.st.stm32cube.ide.mcu.externaltools.gnu-tools-for-stm32.13.3.rel1.win32_1.0.0.202411081344/tools/bin/../lib/gcc/arm-none-eabi/13.3.1/../../../../arm-none-eabi/lib/thumb/v7e-m+dp/hard\libc_nano.a(libc_a-stdio.o)
                0x08005fce                __sclose
 .text.__swbuf_r
                0x08005fd6       0x7c C:/ST/STM32CubeIDE_1.18.1/STM32CubeIDE/plugins/com.st.stm32cube.ide.mcu.externaltools.gnu-tools-for-stm32.13.3.rel1.win32_1.0.0.202411081344/tools/bin/../lib/gcc/arm-none-eabi/13.3.1/../../../../arm-none-eabi/lib/thumb/v7e-m+dp/hard\libc_nano.a(libc_a-wbuf.o)
                0x08005fd6                __swbuf_r
 *fill*         0x08006052        0x2 
 .text.__swsetup_r
                0x08006054       0xac C:/ST/STM32CubeIDE_1.18.1/STM32CubeIDE/plugins/com.st.stm32cube.ide.mcu.externaltools.gnu-tools-for-stm32.13.3.rel1.win32_1.0.0.202411081344/tools/bin/../lib/gcc/arm-none-eabi/13.3.1/../../../../arm-none-eabi/lib/thumb/v7e-m+dp/hard\libc_nano.a(libc_a-wsetup.o)
                0x08006054                __swsetup_r
 .text.memcmp   0x08006100       0x20 C:/ST/STM32CubeIDE_1.18.1/STM32CubeIDE/plugins/com.st.stm32cube.ide.mcu.externaltools.gnu-tools-for-stm32.13.3.rel1.win32_1.0.0.202411081344/tools/bin/../lib/gcc/arm-none-eabi/13.3.1/../../../../arm-none-eabi/lib/thumb/v7e-m+dp/hard\libc_nano.a(libc_a-memcmp.o)
                0x08006100                memcmp
 .text.memset   0x08006120       0x10 C:/ST/STM32CubeIDE_1.18.1/STM32CubeIDE/plugins/com.st.stm32cube.ide.mcu.externaltools.gnu-tools-for-stm32.13.3.rel1.win32_1.0.0.202411081344/tools/bin/../lib/gcc/arm-none-eabi/13.3.1/../../../../arm-none-eabi/lib/thumb/v7e-m+dp/hard\libc_nano.a(libc_a-memset.o)
                0x08006120                memset
 .text.strncmp  0x08006130       0x24 C:/ST/STM32CubeIDE_1.18.1/STM32CubeIDE/plugins/com.st.stm32cube.ide.mcu.externaltools.gnu-tools-for-stm32.13.3.rel1.win32_1.0.0.202411081344/tools/bin/../lib/gcc/arm-none-eabi/13.3.1/../../../../arm-none-eabi/lib/thumb/v7e-m+dp/hard\libc_nano.a(libc_a-strncmp.o)
                0x08006130                strncmp
 .text._close_r
                0x08006154       0x20 C:/ST/STM32CubeIDE_1.18.1/STM32CubeIDE/plugins/com.st.stm32cube.ide.mcu.externaltools.gnu-tools-for-stm32.13.3.rel1.win32_1.0.0.202411081344/tools/bin/../lib/gcc/arm-none-eabi/13.3.1/../../../../arm-none-eabi/lib/thumb/v7e-m+dp/hard\libc_nano.a(libc_a-closer.o)
                0x08006154                _close_r
 .text._lseek_r
                0x08006174       0x24 C:/ST/STM32CubeIDE_1.18.1/STM32CubeIDE/plugins/com.st.stm32cube.ide.mcu.externaltools.gnu-tools-for-stm32.13.3.rel1.win32_1.0.0.202411081344/tools/bin/../lib/gcc/arm-none-eabi/13.3.1/../../../../arm-none-eabi/lib/thumb/v7e-m+dp/hard\libc_nano.a(libc_a-lseekr.o)
                0x08006174                _lseek_r
 .text._read_r  0x08006198       0x24 C:/ST/STM32CubeIDE_1.18.1/STM32CubeIDE/plugins/com.st.stm32cube.ide.mcu.externaltools.gnu-tools-for-stm32.13.3.rel1.win32_1.0.0.202411081344/tools/bin/../lib/gcc/arm-none-eabi/13.3.1/../../../../arm-none-eabi/lib/thumb/v7e-m+dp/hard\libc_nano.a(libc_a-readr.o)
                0x08006198                _read_r
 .text._write_r
                0x080061bc       0x24 C:/ST/STM32CubeIDE_1.18.1/STM32CubeIDE/plugins/com.st.stm32cube.ide.mcu.externaltools.gnu-tools-for-stm32.13.3.rel1.win32_1.0.0.202411081344/tools/bin/../lib/gcc/arm-none-eabi/13.3.1/../../../../arm-none-eabi/lib/thumb/v7e-m+dp/hard\libc_nano.a(libc_a-writer.o)
                0x080061bc                _write_r
 .text.__errno  0x080061e0        0xc C:/ST/STM32CubeIDE_1.18.1/STM32CubeIDE/plugins/com.st.stm32cube.ide.mcu.externaltools.gnu-tools-for-stm32.13.3.rel1.win32_1.0.0.202411081344/tools/bin/../lib/gcc/arm-none-eabi/13.3.1/../../../../arm-none-eabi/lib/thumb/v7e-m+dp/hard\libc_nano.a(libc_a-errno.o)
                0x080061e0                __errno
 .text.__libc_init_array
                0x080061ec       0x48 C:/ST/STM32CubeIDE_1.18.1/STM32CubeIDE/plugins/com.st.stm32cube.ide.mcu.externaltools.gnu-tools-for-stm32.13.3.rel1.win32_1.0.0.202411081344/tools/bin/../lib/gcc/arm-none-eabi/13.3.1/../../../../arm-none-eabi/lib/thumb/v7e-m+dp/hard\libc_nano.a(libc_a-init.o)
                0x080061ec                __libc_init_array
 .text.__retarget_lock_init_recursive
                0x08006234        0x2 C:/ST/STM32CubeIDE_1.18.1/STM32CubeIDE/plugins/com.st.stm32cube.ide.mcu.externaltools.gnu-tools-for-stm32.13.3.rel1.win32_1.0.0.202411081344/tools/bin/../lib/gcc/arm-none-eabi/13.3.1/../../../../arm-none-eabi/lib/thumb/v7e-m+dp/hard\libc_nano.a(libc_a-lock.o)
                0x08006234                __retarget_lock_init_recursive
 .text.__retarget_lock_acquire_recursive
                0x08006236        0x2 C:/ST/STM32CubeIDE_1.18.1/STM32CubeIDE/plugins/com.st.stm32cube.ide.mcu.externaltools.gnu-tools-for-stm32.13.3.rel1.win32_1.0.0.202411081344/tools/bin/../lib/gcc/arm-none-eabi/13.3.1/../../../../arm-none-eabi/lib/thumb/v7e-m+dp/hard\libc_nano.a(libc_a-lock.o)
                0x08006236                __retarget_lock_acquire_recursive
 .text.__retarget_lock_release_recursive
                0x08006238        0x2 C:/ST/STM32CubeIDE_1.18.1/STM32CubeIDE/plugins/com.st.stm32cube.ide.mcu.externaltools.gnu-tools-for-stm32.13.3.rel1.win32_1.0.0.202411081344/tools/bin/../lib/gcc/arm-none-eabi/13.3.1/../../../../arm-none-eabi/lib/thumb/v7e-m+dp/hard\libc_nano.a(libc_a-lock.o)
                0x08006238                __retarget_lock_release_recursive
 .text.memcpy   0x0800623a       0x1c C:/ST/STM32CubeIDE_1.18.1/STM32CubeIDE/plugins/com.st.stm32cube.ide.mcu.externaltools.gnu-tools-for-stm32.13.3.rel1.win32_1.0.0.202411081344/tools/bin/../lib/gcc/arm-none-eabi/13.3.1/../../../../arm-none-eabi/lib/thumb/v7e-m+dp/hard\libc_nano.a(libc_a-memcpy-stub.o)
                0x0800623a                memcpy
 *fill*         0x08006256        0x2 
 .text._free_r  0x08006258       0x94 C:/ST/STM32CubeIDE_1.18.1/STM32CubeIDE/plugins/com.st.stm32cube.ide.mcu.externaltools.gnu-tools-for-stm32.13.3.rel1.win32_1.0.0.202411081344/tools/bin/../lib/gcc/arm-none-eabi/13.3.1/../../../../arm-none-eabi/lib/thumb/v7e-m+dp/hard\libc_nano.a(libc_a-freer.o)
                0x08006258                _free_r
 .text.sbrk_aligned
                0x080062ec       0x44 C:/ST/STM32CubeIDE_1.18.1/STM32CubeIDE/plugins/com.st.stm32cube.ide.mcu.externaltools.gnu-tools-for-stm32.13.3.rel1.win32_1.0.0.202411081344/tools/bin/../lib/gcc/arm-none-eabi/13.3.1/../../../../arm-none-eabi/lib/thumb/v7e-m+dp/hard\libc_nano.a(libc_a-mallocr.o)
 .text._malloc_r
                0x08006330      0x100 C:/ST/STM32CubeIDE_1.18.1/STM32CubeIDE/plugins/com.st.stm32cube.ide.mcu.externaltools.gnu-tools-for-stm32.13.3.rel1.win32_1.0.0.202411081344/tools/bin/../lib/gcc/arm-none-eabi/13.3.1/../../../../arm-none-eabi/lib/thumb/v7e-m+dp/hard\libc_nano.a(libc_a-mallocr.o)
                0x08006330                _malloc_r
 .text.__malloc_lock
                0x08006430        0xc C:/ST/STM32CubeIDE_1.18.1/STM32CubeIDE/plugins/com.st.stm32cube.ide.mcu.externaltools.gnu-tools-for-stm32.13.3.rel1.win32_1.0.0.202411081344/tools/bin/../lib/gcc/arm-none-eabi/13.3.1/../../../../arm-none-eabi/lib/thumb/v7e-m+dp/hard\libc_nano.a(libc_a-mlock.o)
                0x08006430                __malloc_lock
 .text.__malloc_unlock
                0x0800643c        0xc C:/ST/STM32CubeIDE_1.18.1/STM32CubeIDE/plugins/com.st.stm32cube.ide.mcu.externaltools.gnu-tools-for-stm32.13.3.rel1.win32_1.0.0.202411081344/tools/bin/../lib/gcc/arm-none-eabi/13.3.1/../../../../arm-none-eabi/lib/thumb/v7e-m+dp/hard\libc_nano.a(libc_a-mlock.o)
                0x0800643c                __malloc_unlock
 .text.__sfputc_r
                0x08006448       0x2e C:/ST/STM32CubeIDE_1.18.1/STM32CubeIDE/plugins/com.st.stm32cube.ide.mcu.externaltools.gnu-tools-for-stm32.13.3.rel1.win32_1.0.0.202411081344/tools/bin/../lib/gcc/arm-none-eabi/13.3.1/../../../../arm-none-eabi/lib/thumb/v7e-m+dp/hard\libc_nano.a(libc_a-nano-vfprintf.o)
 .text.__sfputs_r
                0x08006476       0x24 C:/ST/STM32CubeIDE_1.18.1/STM32CubeIDE/plugins/com.st.stm32cube.ide.mcu.externaltools.gnu-tools-for-stm32.13.3.rel1.win32_1.0.0.202411081344/tools/bin/../lib/gcc/arm-none-eabi/13.3.1/../../../../arm-none-eabi/lib/thumb/v7e-m+dp/hard\libc_nano.a(libc_a-nano-vfprintf.o)
                0x08006476                __sfputs_r
 *fill*         0x0800649a        0x2 
 .text._vfprintf_r
                0x0800649c      0x230 C:/ST/STM32CubeIDE_1.18.1/STM32CubeIDE/plugins/com.st.stm32cube.ide.mcu.externaltools.gnu-tools-for-stm32.13.3.rel1.win32_1.0.0.202411081344/tools/bin/../lib/gcc/arm-none-eabi/13.3.1/../../../../arm-none-eabi/lib/thumb/v7e-m+dp/hard\libc_nano.a(libc_a-nano-vfprintf.o)
                0x0800649c                _vfprintf_r
                0x0800649c                _vfiprintf_r
 .text._printf_common
                0x080066cc       0xda C:/ST/STM32CubeIDE_1.18.1/STM32CubeIDE/plugins/com.st.stm32cube.ide.mcu.externaltools.gnu-tools-for-stm32.13.3.rel1.win32_1.0.0.202411081344/tools/bin/../lib/gcc/arm-none-eabi/13.3.1/../../../../arm-none-eabi/lib/thumb/v7e-m+dp/hard\libc_nano.a(libc_a-nano-vfprintf_i.o)
                0x080066cc                _printf_common
 *fill*         0x080067a6        0x2 
 .text._printf_i
                0x080067a8      0x23c C:/ST/STM32CubeIDE_1.18.1/STM32CubeIDE/plugins/com.st.stm32cube.ide.mcu.externaltools.gnu-tools-for-stm32.13.3.rel1.win32_1.0.0.202411081344/tools/bin/../lib/gcc/arm-none-eabi/13.3.1/../../../../arm-none-eabi/lib/thumb/v7e-m+dp/hard\libc_nano.a(libc_a-nano-vfprintf_i.o)
                0x080067a8                _printf_i
 .text.__sflush_r
                0x080069e4      0x108 C:/ST/STM32CubeIDE_1.18.1/STM32CubeIDE/plugins/com.st.stm32cube.ide.mcu.externaltools.gnu-tools-for-stm32.13.3.rel1.win32_1.0.0.202411081344/tools/bin/../lib/gcc/arm-none-eabi/13.3.1/../../../../arm-none-eabi/lib/thumb/v7e-m+dp/hard\libc_nano.a(libc_a-fflush.o)
                0x080069e4                __sflush_r
 .text._fflush_r
                0x08006aec       0x50 C:/ST/STM32CubeIDE_1.18.1/STM32CubeIDE/plugins/com.st.stm32cube.ide.mcu.externaltools.gnu-tools-for-stm32.13.3.rel1.win32_1.0.0.202411081344/tools/bin/../lib/gcc/arm-none-eabi/13.3.1/../../../../arm-none-eabi/lib/thumb/v7e-m+dp/hard\libc_nano.a(libc_a-fflush.o)
                0x08006aec                _fflush_r
 .text.__swhatbuf_r
                0x08006b3c       0x4c C:/ST/STM32CubeIDE_1.18.1/STM32CubeIDE/plugins/com.st.stm32cube.ide.mcu.externaltools.gnu-tools-for-stm32.13.3.rel1.win32_1.0.0.202411081344/tools/bin/../lib/gcc/arm-none-eabi/13.3.1/../../../../arm-none-eabi/lib/thumb/v7e-m+dp/hard\libc_nano.a(libc_a-makebuf.o)
                0x08006b3c                __swhatbuf_r
 .text.__smakebuf_r
                0x08006b88       0x78 C:/ST/STM32CubeIDE_1.18.1/STM32CubeIDE/plugins/com.st.stm32cube.ide.mcu.externaltools.gnu-tools-for-stm32.13.3.rel1.win32_1.0.0.202411081344/tools/bin/../lib/gcc/arm-none-eabi/13.3.1/../../../../arm-none-eabi/lib/thumb/v7e-m+dp/hard\libc_nano.a(libc_a-makebuf.o)
                0x08006b88                __smakebuf_r
 .text._fstat_r
                0x08006c00       0x24 C:/ST/STM32CubeIDE_1.18.1/STM32CubeIDE/plugins/com.st.stm32cube.ide.mcu.externaltools.gnu-tools-for-stm32.13.3.rel1.win32_1.0.0.202411081344/tools/bin/../lib/gcc/arm-none-eabi/13.3.1/../../../../arm-none-eabi/lib/thumb/v7e-m+dp/hard\libc_nano.a(libc_a-fstatr.o)
                0x08006c00                _fstat_r
 .text._isatty_r
                0x08006c24       0x20 C:/ST/STM32CubeIDE_1.18.1/STM32CubeIDE/plugins/com.st.stm32cube.ide.mcu.externaltools.gnu-tools-for-stm32.13.3.rel1.win32_1.0.0.202411081344/tools/bin/../lib/gcc/arm-none-eabi/13.3.1/../../../../arm-none-eabi/lib/thumb/v7e-m+dp/hard\libc_nano.a(libc_a-isattyr.o)
                0x08006c24                _isatty_r
 .text._sbrk_r  0x08006c44       0x20 C:/ST/STM32CubeIDE_1.18.1/STM32CubeIDE/plugins/com.st.stm32cube.ide.mcu.externaltools.gnu-tools-for-stm32.13.3.rel1.win32_1.0.0.202411081344/tools/bin/../lib/gcc/arm-none-eabi/13.3.1/../../../../arm-none-eabi/lib/thumb/v7e-m+dp/hard\libc_nano.a(libc_a-sbrkr.o)
                0x08006c44                _sbrk_r
 *(.glue_7)
 .glue_7        0x08006c64        0x0 linker stubs
 *(.glue_7t)
 .glue_7t       0x08006c64        0x0 linker stubs
 *(.eh_frame)
 .eh_frame      0x08006c64        0x0 C:/ST/STM32CubeIDE_1.18.1/STM32CubeIDE/plugins/com.st.stm32cube.ide.mcu.externaltools.gnu-tools-for-stm32.13.3.rel1.win32_1.0.0.202411081344/tools/bin/../lib/gcc/arm-none-eabi/13.3.1/thumb/v7e-m+dp/hard/crtbegin.o
 *(.init)
 .init          0x08006c64        0x4 C:/ST/STM32CubeIDE_1.18.1/STM32CubeIDE/plugins/com.st.stm32cube.ide.mcu.externaltools.gnu-tools-for-stm32.13.3.rel1.win32_1.0.0.202411081344/tools/bin/../lib/gcc/arm-none-eabi/13.3.1/thumb/v7e-m+dp/hard/crti.o
                0x08006c64                _init
 .init          0x08006c68        0x8 C:/ST/STM32CubeIDE_1.18.1/STM32CubeIDE/plugins/com.st.stm32cube.ide.mcu.externaltools.gnu-tools-for-stm32.13.3.rel1.win32_1.0.0.202411081344/tools/bin/../lib/gcc/arm-none-eabi/13.3.1/thumb/v7e-m+dp/hard/crtn.o
 *(.fini)
 .fini          0x08006c70        0x4 C:/ST/STM32CubeIDE_1.18.1/STM32CubeIDE/plugins/com.st.stm32cube.ide.mcu.externaltools.gnu-tools-for-stm32.13.3.rel1.win32_1.0.0.202411081344/tools/bin/../lib/gcc/arm-none-eabi/13.3.1/thumb/v7e-m+dp/hard/crti.o
                0x08006c70                _fini
 .fini          0x08006c74        0x8 C:/ST/STM32CubeIDE_1.18.1/STM32CubeIDE/plugins/com.st.stm32cube.ide.mcu.externaltools.gnu-tools-for-stm32.13.3.rel1.win32_1.0.0.202411081344/tools/bin/../lib/gcc/arm-none-eabi/13.3.1/thumb/v7e-m+dp/hard/crtn.o
                0x08006c7c                        . = ALIGN (0x4)
                0x08006c7c                        _etext = .

.vfp11_veneer   0x08006c7c        0x0
 .vfp11_veneer  0x08006c7c        0x0 linker stubs

.v4_bx          0x08006c7c        0x0
 .v4_bx         0x08006c7c        0x0 linker stubs

.iplt           0x08006c7c        0x0
 .iplt          0x08006c7c        0x0 C:/ST/STM32CubeIDE_1.18.1/STM32CubeIDE/plugins/com.st.stm32cube.ide.mcu.externaltools.gnu-tools-for-stm32.13.3.rel1.win32_1.0.0.202411081344/tools/bin/../lib/gcc/arm-none-eabi/13.3.1/thumb/v7e-m+dp/hard/crtbegin.o

.rodata         0x08006c7c      0x4f4
                0x08006c7c                        . = ALIGN (0x4)
 *(.rodata)
 .rodata        0x08006c7c       0x39 ./Core/Src/MFRC522_MIFARE.o
 *fill*         0x08006cb5        0x3 
 .rodata        0x08006cb8      0x10a ./Core/Src/MFRC522_STM32.o
 *fill*         0x08006dc2        0x2 
 .rodata        0x08006dc4      0x360 ./Core/Src/main.o
 *(.rodata*)
 .rodata.AHBPrescTable
                0x08007124       0x10 ./Core/Src/system_stm32f7xx.o
                0x08007124                AHBPrescTable
 .rodata.APBPrescTable
                0x08007134        0x8 ./Core/Src/system_stm32f7xx.o
                0x08007134                APBPrescTable
 .rodata._vfprintf_r.str1.1
                0x0800713c       0x33 C:/ST/STM32CubeIDE_1.18.1/STM32CubeIDE/plugins/com.st.stm32cube.ide.mcu.externaltools.gnu-tools-for-stm32.13.3.rel1.win32_1.0.0.202411081344/tools/bin/../lib/gcc/arm-none-eabi/13.3.1/../../../../arm-none-eabi/lib/thumb/v7e-m+dp/hard\libc_nano.a(libc_a-nano-vfprintf.o)
                                 0x11 (size before relaxing)
 .rodata._printf_i.str1.1
                0x0800716f       0x22 C:/ST/STM32CubeIDE_1.18.1/STM32CubeIDE/plugins/com.st.stm32cube.ide.mcu.externaltools.gnu-tools-for-stm32.13.3.rel1.win32_1.0.0.202411081344/tools/bin/../lib/gcc/arm-none-eabi/13.3.1/../../../../arm-none-eabi/lib/thumb/v7e-m+dp/hard\libc_nano.a(libc_a-nano-vfprintf_i.o)
                0x08007194                        . = ALIGN (0x4)
 *fill*         0x0800716f        0x1 

.ARM.extab      0x08007170        0x0
                0x08007170                        . = ALIGN (0x4)
 *(.ARM.extab* .gnu.linkonce.armextab.*)
                0x08007170                        . = ALIGN (0x4)

.ARM            0x08007170        0x8
                0x08007170                        . = ALIGN (0x4)
                0x08007170                        __exidx_start = .
 *(.ARM.exidx*)
 .ARM.exidx     0x08007170        0x8 C:/ST/STM32CubeIDE_1.18.1/STM32CubeIDE/plugins/com.st.stm32cube.ide.mcu.externaltools.gnu-tools-for-stm32.13.3.rel1.win32_1.0.0.202411081344/tools/bin/../lib/gcc/arm-none-eabi/13.3.1/../../../../arm-none-eabi/lib/thumb/v7e-m+dp/hard\libc_nano.a(libc_a-strlen.o)
 .ARM.exidx     0x08007178        0x0 C:/ST/STM32CubeIDE_1.18.1/STM32CubeIDE/plugins/com.st.stm32cube.ide.mcu.externaltools.gnu-tools-for-stm32.13.3.rel1.win32_1.0.0.202411081344/tools/bin/../lib/gcc/arm-none-eabi/13.3.1/../../../../arm-none-eabi/lib/thumb/v7e-m+dp/hard\libc_nano.a(libc_a-memchr.o)
                                  0x8 (size before relaxing)
 .ARM.exidx     0x08007178        0x0 C:/ST/STM32CubeIDE_1.18.1/STM32CubeIDE/plugins/com.st.stm32cube.ide.mcu.externaltools.gnu-tools-for-stm32.13.3.rel1.win32_1.0.0.202411081344/tools/bin/../lib/gcc/arm-none-eabi/13.3.1/thumb/v7e-m+dp/hard\libgcc.a(_udivmoddi4.o)
                                  0x8 (size before relaxing)
                0x08007178                        __exidx_end = .
                0x08007178                        . = ALIGN (0x4)

.preinit_array  0x08007178        0x0
                0x08007178                        . = ALIGN (0x4)
                0x08007178                        PROVIDE (__preinit_array_start = .)
 *(.preinit_array*)
                0x08007178                        PROVIDE (__preinit_array_end = .)
                0x08007178                        . = ALIGN (0x4)

.init_array     0x08007178        0x4
                0x08007178                        . = ALIGN (0x4)
                0x08007178                        PROVIDE (__init_array_start = .)
 *(SORT_BY_NAME(.init_array.*))
 *(.init_array*)
 .init_array    0x08007178        0x4 C:/ST/STM32CubeIDE_1.18.1/STM32CubeIDE/plugins/com.st.stm32cube.ide.mcu.externaltools.gnu-tools-for-stm32.13.3.rel1.win32_1.0.0.202411081344/tools/bin/../lib/gcc/arm-none-eabi/13.3.1/thumb/v7e-m+dp/hard/crtbegin.o
                0x0800717c                        PROVIDE (__init_array_end = .)
                0x0800717c                        . = ALIGN (0x4)

.fini_array     0x0800717c        0x4
                0x0800717c                        . = ALIGN (0x4)
                [!provide]                        PROVIDE (__fini_array_start = .)
 *(SORT_BY_NAME(.fini_array.*))
 *(.fini_array*)
 .fini_array    0x0800717c        0x4 C:/ST/STM32CubeIDE_1.18.1/STM32CubeIDE/plugins/com.st.stm32cube.ide.mcu.externaltools.gnu-tools-for-stm32.13.3.rel1.win32_1.0.0.202411081344/tools/bin/../lib/gcc/arm-none-eabi/13.3.1/thumb/v7e-m+dp/hard/crtbegin.o
                [!provide]                        PROVIDE (__fini_array_end = .)
                0x08007180                        . = ALIGN (0x4)
                0x08007180                        _sidata = LOADADDR (.data)

.rel.dyn        0x08007180        0x0
 .rel.iplt      0x08007180        0x0 C:/ST/STM32CubeIDE_1.18.1/STM32CubeIDE/plugins/com.st.stm32cube.ide.mcu.externaltools.gnu-tools-for-stm32.13.3.rel1.win32_1.0.0.202411081344/tools/bin/../lib/gcc/arm-none-eabi/13.3.1/thumb/v7e-m+dp/hard/crtbegin.o

.data           0x20000000       0x68 load address 0x08007180
                0x20000000                        . = ALIGN (0x4)
                0x20000000                        _sdata = .
 *(.data)
 *(.data*)
 .data.SystemCoreClock
                0x20000000        0x4 ./Core/Src/system_stm32f7xx.o
                0x20000000                SystemCoreClock
 .data.uwTickPrio
                0x20000004        0x4 ./Drivers/STM32F7xx_HAL_Driver/Src/stm32f7xx_hal.o
                0x20000004                uwTickPrio
 .data.uwTickFreq
                0x20000008        0x1 ./Drivers/STM32F7xx_HAL_Driver/Src/stm32f7xx_hal.o
                0x20000008                uwTickFreq
 *fill*         0x20000009        0x3 
 .data.__sglue  0x2000000c        0xc C:/ST/STM32CubeIDE_1.18.1/STM32CubeIDE/plugins/com.st.stm32cube.ide.mcu.externaltools.gnu-tools-for-stm32.13.3.rel1.win32_1.0.0.202411081344/tools/bin/../lib/gcc/arm-none-eabi/13.3.1/../../../../arm-none-eabi/lib/thumb/v7e-m+dp/hard\libc_nano.a(libc_a-findfp.o)
                0x2000000c                __sglue
 .data._impure_ptr
                0x20000018        0x4 C:/ST/STM32CubeIDE_1.18.1/STM32CubeIDE/plugins/com.st.stm32cube.ide.mcu.externaltools.gnu-tools-for-stm32.13.3.rel1.win32_1.0.0.202411081344/tools/bin/../lib/gcc/arm-none-eabi/13.3.1/../../../../arm-none-eabi/lib/thumb/v7e-m+dp/hard\libc_nano.a(libc_a-impure.o)
                0x20000018                _impure_ptr
 .data._impure_data
                0x2000001c       0x4c C:/ST/STM32CubeIDE_1.18.1/STM32CubeIDE/plugins/com.st.stm32cube.ide.mcu.externaltools.gnu-tools-for-stm32.13.3.rel1.win32_1.0.0.202411081344/tools/bin/../lib/gcc/arm-none-eabi/13.3.1/../../../../arm-none-eabi/lib/thumb/v7e-m+dp/hard\libc_nano.a(libc_a-impure.o)
                0x2000001c                _impure_data
 *(.RamFunc)
 *(.RamFunc*)
                0x20000068                        . = ALIGN (0x4)
                0x20000068                        _edata = .

.igot.plt       0x20000068        0x0 load address 0x080071e8
 .igot.plt      0x20000068        0x0 C:/ST/STM32CubeIDE_1.18.1/STM32CubeIDE/plugins/com.st.stm32cube.ide.mcu.externaltools.gnu-tools-for-stm32.13.3.rel1.win32_1.0.0.202411081344/tools/bin/../lib/gcc/arm-none-eabi/13.3.1/thumb/v7e-m+dp/hard/crtbegin.o
                0x20000068                        . = ALIGN (0x4)

.bss            0x20000068      0x2dc load address 0x080071e8
                0x20000068                        _sbss = .
                0x20000068                        __bss_start__ = _sbss
 *(.bss)
 .bss           0x20000068       0x1c C:/ST/STM32CubeIDE_1.18.1/STM32CubeIDE/plugins/com.st.stm32cube.ide.mcu.externaltools.gnu-tools-for-stm32.13.3.rel1.win32_1.0.0.202411081344/tools/bin/../lib/gcc/arm-none-eabi/13.3.1/thumb/v7e-m+dp/hard/crtbegin.o
 *(.bss*)
 .bss.hspi1     0x20000084       0x64 ./Core/Src/main.o
                0x20000084                hspi1
 .bss.huart3    0x200000e8       0x88 ./Core/Src/main.o
                0x200000e8                huart3
 .bss.rfid      0x20000170       0x14 ./Core/Src/main.o
 .bss.rxByte    0x20000184        0x1 ./Core/Src/main.o
 .bss.lineReady
                0x20000185        0x1 ./Core/Src/main.o
 *fill*         0x20000186        0x2 
 .bss.lineBuf   0x20000188       0x50 ./Core/Src/main.o
 .bss.lineLen   0x200001d8        0x2 ./Core/Src/main.o
 *fill*         0x200001da        0x2 
 .bss.pendingToken
                0x200001dc       0x10 ./Core/Src/main.o
 .bss.pendingWrite
                0x200001ec        0x1 ./Core/Src/main.o
 *fill*         0x200001ed        0x3 
 .bss.__sbrk_heap_end
                0x200001f0        0x4 ./Core/Src/sysmem.o
 .bss.uwTick    0x200001f4        0x4 ./Drivers/STM32F7xx_HAL_Driver/Src/stm32f7xx_hal.o
                0x200001f4                uwTick
 .bss.__sf      0x200001f8      0x138 C:/ST/STM32CubeIDE_1.18.1/STM32CubeIDE/plugins/com.st.stm32cube.ide.mcu.externaltools.gnu-tools-for-stm32.13.3.rel1.win32_1.0.0.202411081344/tools/bin/../lib/gcc/arm-none-eabi/13.3.1/../../../../arm-none-eabi/lib/thumb/v7e-m+dp/hard\libc_nano.a(libc_a-findfp.o)
                0x200001f8                __sf
 .bss.__stdio_exit_handler
                0x20000330        0x4 C:/ST/STM32CubeIDE_1.18.1/STM32CubeIDE/plugins/com.st.stm32cube.ide.mcu.externaltools.gnu-tools-for-stm32.13.3.rel1.win32_1.0.0.202411081344/tools/bin/../lib/gcc/arm-none-eabi/13.3.1/../../../../arm-none-eabi/lib/thumb/v7e-m+dp/hard\libc_nano.a(libc_a-findfp.o)
                0x20000330                __stdio_exit_handler
 .bss.errno     0x20000334        0x4 C:/ST/STM32CubeIDE_1.18.1/STM32CubeIDE/plugins/com.st.stm32cube.ide.mcu.externaltools.gnu-tools-for-stm32.13.3.rel1.win32_1.0.0.202411081344/tools/bin/../lib/gcc/arm-none-eabi/13.3.1/../../../../arm-none-eabi/lib/thumb/v7e-m+dp/hard\libc_nano.a(libc_a-reent.o)
                0x20000334                errno
 .bss.__lock___malloc_recursive_mutex
                0x20000338        0x1 C:/ST/STM32CubeIDE_1.18.1/STM32CubeIDE/plugins/com.st.stm32cube.ide.mcu.externaltools.gnu-tools-for-stm32.13.3.rel1.win32_1.0.0.202411081344/tools/bin/../lib/gcc/arm-none-eabi/13.3.1/../../../../arm-none-eabi/lib/thumb/v7e-m+dp/hard\libc_nano.a(libc_a-lock.o)
                0x20000338                __lock___malloc_recursive_mutex
 .bss.__lock___sfp_recursive_mutex
                0x20000339        0x1 C:/ST/STM32CubeIDE_1.18.1/STM32CubeIDE/plugins/com.st.stm32cube.ide.mcu.externaltools.gnu-tools-for-stm32.13.3.rel1.win32_1.0.0.202411081344/tools/bin/../lib/gcc/arm-none-eabi/13.3.1/../../../../arm-none-eabi/lib/thumb/v7e-m+dp/hard\libc_nano.a(libc_a-lock.o)
                0x20000339                __lock___sfp_recursive_mutex
 *fill*         0x2000033a        0x2 
 .bss.__malloc_sbrk_start
                0x2000033c        0x4 C:/ST/STM32CubeIDE_1.18.1/STM32CubeIDE/plugins/com.st.stm32cube.ide.mcu.externaltools.gnu-tools-for-stm32.13.3.rel1.win32_1.0.0.202411081344/tools/bin/../lib/gcc/arm-none-eabi/13.3.1/../../../../arm-none-eabi/lib/thumb/v7e-m+dp/hard\libc_nano.a(libc_a-mallocr.o)
                0x2000033c                __malloc_sbrk_start
 .bss.__malloc_free_list
                0x20000340        0x4 C:/ST/STM32CubeIDE_1.18.1/STM32CubeIDE/plugins/com.st.stm32cube.ide.mcu.externaltools.gnu-tools-for-stm32.13.3.rel1.win32_1.0.0.202411081344/tools/bin/../lib/gcc/arm-none-eabi/13.3.1/../../../../arm-none-eabi/lib/thumb/v7e-m+dp/hard\libc_nano.a(libc_a-mallocr.o)
                0x20000340                __malloc_free_list
 *(COMMON)
                0x20000344                        . = ALIGN (0x4)
                0x20000344                        _ebss = .
                0x20000344                        __bss_end__ = _ebss

._user_heap_stack
                0x20000344      0x604 load address 0x080071e8
                0x20000348                        . = ALIGN (0x8)
 *fill*         0x20000344        0x4 
                [!provide]                        PROVIDE (end = .)
                0x20000348                        PROVIDE (_end = .)
                0x20000548                        . = (. + _Min_Heap_Size)
 *fill*         0x20000348      0x200 
                0x20000948                        . = (. + _Min_Stack_Size)
 *fill*         0x20000548      0x400 
                0x20000948                        . = ALIGN (0x8)

/DISCARD/
 libc.a(*)
 libm.a(*)
 libgcc.a(*)

.ARM.attributes
                0x00000000       0x2e
 *(.ARM.attributes)
 .ARM.attributes
                0x00000000       0x20 C:/ST/STM32CubeIDE_1.18.1/STM32CubeIDE/plugins/com.st.stm32cube.ide.mcu.externaltools.gnu-tools-for-stm32.13.3.rel1.win32_1.0.0.202411081344/tools/bin/../lib/gcc/arm-none-eabi/13.3.1/thumb/v7e-m+dp/hard/crti.o
 .ARM.attributes
                0x00000020       0x32 C:/ST/STM32CubeIDE_1.18.1/STM32CubeIDE/plugins/com.st.stm32cube.ide.mcu.externaltools.gnu-tools-for-stm32.13.3.rel1.win32_1.0.0.202411081344/tools/bin/../lib/gcc/arm-none-eabi/13.3.1/thumb/v7e-m+dp/hard/crtbegin.o
 .ARM.attributes
                0x00000052       0x32 ./Core/Src/MFRC522_MIFARE.o
 .ARM.attributes
                0x00000084       0x32 ./Core/Src/MFRC522_STM32.o
 .ARM.attributes
                0x000000b6       0x32 ./Core/Src/main.o
 .ARM.attributes
                0x000000e8       0x32 ./Core/Src/stm32f7xx_hal_msp.o
 .ARM.attributes
                0x0000011a       0x32 ./Core/Src/stm32f7xx_it.o
 .ARM.attributes
                0x0000014c       0x32 ./Core/Src/syscalls.o
 .ARM.attributes
                0x0000017e       0x32 ./Core/Src/sysmem.o
 .ARM.attributes
                0x000001b0       0x32 ./Core/Src/system_stm32f7xx.o
 .ARM.attributes
                0x000001e2       0x21 ./Core/Startup/startup_stm32f767zitx.o
 .ARM.attributes
                0x00000203       0x32 ./Drivers/STM32F7xx_HAL_Driver/Src/stm32f7xx_hal.o
 .ARM.attributes
                0x00000235       0x32 ./Drivers/STM32F7xx_HAL_Driver/Src/stm32f7xx_hal_cortex.o
 .ARM.attributes
                0x00000267       0x32 ./Drivers/STM32F7xx_HAL_Driver/Src/stm32f7xx_hal_dma.o
 .ARM.attributes
                0x00000299       0x32 ./Drivers/STM32F7xx_HAL_Driver/Src/stm32f7xx_hal_gpio.o
 .ARM.attributes
                0x000002cb       0x32 ./Drivers/STM32F7xx_HAL_Driver/Src/stm32f7xx_hal_pwr_ex.o
 .ARM.attributes
                0x000002fd       0x32 ./Drivers/STM32F7xx_HAL_Driver/Src/stm32f7xx_hal_rcc.o
 .ARM.attributes
                0x0000032f       0x32 ./Drivers/STM32F7xx_HAL_Driver/Src/stm32f7xx_hal_rcc_ex.o
 .ARM.attributes
                0x00000361       0x32 ./Drivers/STM32F7xx_HAL_Driver/Src/stm32f7xx_hal_spi.o
 .ARM.attributes
                0x00000393       0x32 ./Drivers/STM32F7xx_HAL_Driver/Src/stm32f7xx_hal_uart.o
 .ARM.attributes
                0x000003c5       0x32 C:/ST/STM32CubeIDE_1.18.1/STM32CubeIDE/plugins/com.st.stm32cube.ide.mcu.externaltools.gnu-tools-for-stm32.13.3.rel1.win32_1.0.0.202411081344/tools/bin/../lib/gcc/arm-none-eabi/13.3.1/../../../../arm-none-eabi/lib/thumb/v7e-m+dp/hard\libc_nano.a(libc_a-findfp.o)
 .ARM.attributes
                0x000003f7       0x32 C:/ST/STM32CubeIDE_1.18.1/STM32CubeIDE/plugins/com.st.stm32cube.ide.mcu.externaltools.gnu-tools-for-stm32.13.3.rel1.win32_1.0.0.202411081344/tools/bin/../lib/gcc/arm-none-eabi/13.3.1/../../../../arm-none-eabi/lib/thumb/v7e-m+dp/hard\libc_nano.a(libc_a-fwalk.o)
 .ARM.attributes
                0x00000429       0x32 C:/ST/STM32CubeIDE_1.18.1/STM32CubeIDE/plugins/com.st.stm32cube.ide.mcu.externaltools.gnu-tools-for-stm32.13.3.rel1.win32_1.0.0.202411081344/tools/bin/../lib/gcc/arm-none-eabi/13.3.1/../../../../arm-none-eabi/lib/thumb/v7e-m+dp/hard\libc_nano.a(libc_a-printf.o)
 .ARM.attributes
                0x0000045b       0x32 C:/ST/STM32CubeIDE_1.18.1/STM32CubeIDE/plugins/com.st.stm32cube.ide.mcu.externaltools.gnu-tools-for-stm32.13.3.rel1.win32_1.0.0.202411081344/tools/bin/../lib/gcc/arm-none-eabi/13.3.1/../../../../arm-none-eabi/lib/thumb/v7e-m+dp/hard\libc_nano.a(libc_a-puts.o)
 .ARM.attributes
                0x0000048d       0x32 C:/ST/STM32CubeIDE_1.18.1/STM32CubeIDE/plugins/com.st.stm32cube.ide.mcu.externaltools.gnu-tools-for-stm32.13.3.rel1.win32_1.0.0.202411081344/tools/bin/../lib/gcc/arm-none-eabi/13.3.1/../../../../arm-none-eabi/lib/thumb/v7e-m+dp/hard\libc_nano.a(libc_a-stdio.o)
 .ARM.attributes
                0x000004bf       0x32 C:/ST/STM32CubeIDE_1.18.1/STM32CubeIDE/plugins/com.st.stm32cube.ide.mcu.externaltools.gnu-tools-for-stm32.13.3.rel1.win32_1.0.0.202411081344/tools/bin/../lib/gcc/arm-none-eabi/13.3.1/../../../../arm-none-eabi/lib/thumb/v7e-m+dp/hard\libc_nano.a(libc_a-wbuf.o)
 .ARM.attributes
                0x000004f1       0x32 C:/ST/STM32CubeIDE_1.18.1/STM32CubeIDE/plugins/com.st.stm32cube.ide.mcu.externaltools.gnu-tools-for-stm32.13.3.rel1.win32_1.0.0.202411081344/tools/bin/../lib/gcc/arm-none-eabi/13.3.1/../../../../arm-none-eabi/lib/thumb/v7e-m+dp/hard\libc_nano.a(libc_a-wsetup.o)
 .ARM.attributes
                0x00000523       0x32 C:/ST/STM32CubeIDE_1.18.1/STM32CubeIDE/plugins/com.st.stm32cube.ide.mcu.externaltools.gnu-tools-for-stm32.13.3.rel1.win32_1.0.0.202411081344/tools/bin/../lib/gcc/arm-none-eabi/13.3.1/../../../../arm-none-eabi/lib/thumb/v7e-m+dp/hard\libc_nano.a(libc_a-memcmp.o)
 .ARM.attributes
                0x00000555       0x32 C:/ST/STM32CubeIDE_1.18.1/STM32CubeIDE/plugins/com.st.stm32cube.ide.mcu.externaltools.gnu-tools-for-stm32.13.3.rel1.win32_1.0.0.202411081344/tools/bin/../lib/gcc/arm-none-eabi/13.3.1/../../../../arm-none-eabi/lib/thumb/v7e-m+dp/hard\libc_nano.a(libc_a-memset.o)
 .ARM.attributes
                0x00000587       0x32 C:/ST/STM32CubeIDE_1.18.1/STM32CubeIDE/plugins/com.st.stm32cube.ide.mcu.externaltools.gnu-tools-for-stm32.13.3.rel1.win32_1.0.0.202411081344/tools/bin/../lib/gcc/arm-none-eabi/13.3.1/../../../../arm-none-eabi/lib/thumb/v7e-m+dp/hard\libc_nano.a(libc_a-strncmp.o)
 .ARM.attributes
                0x000005b9       0x32 C:/ST/STM32CubeIDE_1.18.1/STM32CubeIDE/plugins/com.st.stm32cube.ide.mcu.externaltools.gnu-tools-for-stm32.13.3.rel1.win32_1.0.0.202411081344/tools/bin/../lib/gcc/arm-none-eabi/13.3.1/../../../../arm-none-eabi/lib/thumb/v7e-m+dp/hard\libc_nano.a(libc_a-closer.o)
 .ARM.attributes
                0x000005eb       0x32 C:/ST/STM32CubeIDE_1.18.1/STM32CubeIDE/plugins/com.st.stm32cube.ide.mcu.externaltools.gnu-tools-for-stm32.13.3.rel1.win32_1.0.0.202411081344/tools/bin/../lib/gcc/arm-none-eabi/13.3.1/../../../../arm-none-eabi/lib/thumb/v7e-m+dp/hard\libc_nano.a(libc_a-reent.o)
 .ARM.attributes
                0x0000061d       0x32 C:/ST/STM32CubeIDE_1.18.1/STM32CubeIDE/plugins/com.st.stm32cube.ide.mcu.externaltools.gnu-tools-for-stm32.13.3.rel1.win32_1.0.0.202411081344/tools/bin/../lib/gcc/arm-none-eabi/13.3.1/../../../../arm-none-eabi/lib/thumb/v7e-m+dp/hard\libc_nano.a(libc_a-impure.o)
 .ARM.attributes
                0x0000064f       0x32 C:/ST/STM32CubeIDE_1.18.1/STM32CubeIDE/plugins/com.st.stm32cube.ide.mcu.externaltools.gnu-tools-for-stm32.13.3.rel1.win32_1.0.0.202411081344/tools/bin/../lib/gcc/arm-none-eabi/13.3.1/../../../../arm-none-eabi/lib/thumb/v7e-m+dp/hard\libc_nano.a(libc_a-lseekr.o)
 .ARM.attributes
                0x00000681       0x32 C:/ST/STM32CubeIDE_1.18.1/STM32CubeIDE/plugins/com.st.stm32cube.ide.mcu.externaltools.gnu-tools-for-stm32.13.3.rel1.win32_1.0.0.202411081344/tools/bin/../lib/gcc/arm-none-eabi/13.3.1/../../../../arm-none-eabi/lib/thumb/v7e-m+dp/hard\libc_nano.a(libc_a-readr.o)
 .ARM.attributes
                0x000006b3       0x32 C:/ST/STM32CubeIDE_1.18.1/STM32CubeIDE/plugins/com.st.stm32cube.ide.mcu.externaltools.gnu-tools-for-stm32.13.3.rel1.win32_1.0.0.202411081344/tools/bin/../lib/gcc/arm-none-eabi/13.3.1/../../../../arm-none-eabi/lib/thumb/v7e-m+dp/hard\libc_nano.a(libc_a-writer.o)
 .ARM.attributes
                0x000006e5       0x32 C:/ST/STM32CubeIDE_1.18.1/STM32CubeIDE/plugins/com.st.stm32cube.ide.mcu.externaltools.gnu-tools-for-stm32.13.3.rel1.win32_1.0.0.202411081344/tools/bin/../lib/gcc/arm-none-eabi/13.3.1/../../../../arm-none-eabi/lib/thumb/v7e-m+dp/hard\libc_nano.a(libc_a-errno.o)
 .ARM.attributes
                0x00000717       0x32 C:/ST/STM32CubeIDE_1.18.1/STM32CubeIDE/plugins/com.st.stm32cube.ide.mcu.externaltools.gnu-tools-for-stm32.13.3.rel1.win32_1.0.0.202411081344/tools/bin/../lib/gcc/arm-none-eabi/13.3.1/../../../../arm-none-eabi/lib/thumb/v7e-m+dp/hard\libc_nano.a(libc_a-init.o)
 .ARM.attributes
                0x00000749       0x32 C:/ST/STM32CubeIDE_1.18.1/STM32CubeIDE/plugins/com.st.stm32cube.ide.mcu.externaltools.gnu-tools-for-stm32.13.3.rel1.win32_1.0.0.202411081344/tools/bin/../lib/gcc/arm-none-eabi/13.3.1/../../../../arm-none-eabi/lib/thumb/v7e-m+dp/hard\libc_nano.a(libc_a-lock.o)
 .ARM.attributes
                0x0000077b       0x32 C:/ST/STM32CubeIDE_1.18.1/STM32CubeIDE/plugins/com.st.stm32cube.ide.mcu.externaltools.gnu-tools-for-stm32.13.3.rel1.win32_1.0.0.202411081344/tools/bin/../lib/gcc/arm-none-eabi/13.3.1/../../../../arm-none-eabi/lib/thumb/v7e-m+dp/hard\libc_nano.a(libc_a-memcpy-stub.o)
 .ARM.attributes
                0x000007ad       0x17 C:/ST/STM32CubeIDE_1.18.1/STM32CubeIDE/plugins/com.st.stm32cube.ide.mcu.externaltools.gnu-tools-for-stm32.13.3.rel1.win32_1.0.0.202411081344/tools/bin/../lib/gcc/arm-none-eabi/13.3.1/../../../../arm-none-eabi/lib/thumb/v7e-m+dp/hard\libc_nano.a(libc_a-strlen.o)
 .ARM.attributes
                0x000007c4       0x32 C:/ST/STM32CubeIDE_1.18.1/STM32CubeIDE/plugins/com.st.stm32cube.ide.mcu.externaltools.gnu-tools-for-stm32.13.3.rel1.win32_1.0.0.202411081344/tools/bin/../lib/gcc/arm-none-eabi/13.3.1/../../../../arm-none-eabi/lib/thumb/v7e-m+dp/hard\libc_nano.a(libc_a-freer.o)
 .ARM.attributes
                0x000007f6       0x32 C:/ST/STM32CubeIDE_1.18.1/STM32CubeIDE/plugins/com.st.stm32cube.ide.mcu.externaltools.gnu-tools-for-stm32.13.3.rel1.win32_1.0.0.202411081344/tools/bin/../lib/gcc/arm-none-eabi/13.3.1/../../../../arm-none-eabi/lib/thumb/v7e-m+dp/hard\libc_nano.a(libc_a-mallocr.o)
 .ARM.attributes
                0x00000828       0x32 C:/ST/STM32CubeIDE_1.18.1/STM32CubeIDE/plugins/com.st.stm32cube.ide.mcu.externaltools.gnu-tools-for-stm32.13.3.rel1.win32_1.0.0.202411081344/tools/bin/../lib/gcc/arm-none-eabi/13.3.1/../../../../arm-none-eabi/lib/thumb/v7e-m+dp/hard\libc_nano.a(libc_a-mlock.o)
 .ARM.attributes
                0x0000085a       0x32 C:/ST/STM32CubeIDE_1.18.1/STM32CubeIDE/plugins/com.st.stm32cube.ide.mcu.externaltools.gnu-tools-for-stm32.13.3.rel1.win32_1.0.0.202411081344/tools/bin/../lib/gcc/arm-none-eabi/13.3.1/../../../../arm-none-eabi/lib/thumb/v7e-m+dp/hard\libc_nano.a(libc_a-nano-vfprintf.o)
 .ARM.attributes
                0x0000088c       0x32 C:/ST/STM32CubeIDE_1.18.1/STM32CubeIDE/plugins/com.st.stm32cube.ide.mcu.externaltools.gnu-tools-for-stm32.13.3.rel1.win32_1.0.0.202411081344/tools/bin/../lib/gcc/arm-none-eabi/13.3.1/../../../../arm-none-eabi/lib/thumb/v7e-m+dp/hard\libc_nano.a(libc_a-nano-vfprintf_i.o)
 .ARM.attributes
                0x000008be       0x32 C:/ST/STM32CubeIDE_1.18.1/STM32CubeIDE/plugins/com.st.stm32cube.ide.mcu.externaltools.gnu-tools-for-stm32.13.3.rel1.win32_1.0.0.202411081344/tools/bin/../lib/gcc/arm-none-eabi/13.3.1/../../../../arm-none-eabi/lib/thumb/v7e-m+dp/hard\libc_nano.a(libc_a-fflush.o)
 .ARM.attributes
                0x000008f0       0x32 C:/ST/STM32CubeIDE_1.18.1/STM32CubeIDE/plugins/com.st.stm32cube.ide.mcu.externaltools.gnu-tools-for-stm32.13.3.rel1.win32_1.0.0.202411081344/tools/bin/../lib/gcc/arm-none-eabi/13.3.1/../../../../arm-none-eabi/lib/thumb/v7e-m+dp/hard\libc_nano.a(libc_a-makebuf.o)
 .ARM.attributes
                0x00000922       0x32 C:/ST/STM32CubeIDE_1.18.1/STM32CubeIDE/plugins/com.st.stm32cube.ide.mcu.externaltools.gnu-tools-for-stm32.13.3.rel1.win32_1.0.0.202411081344/tools/bin/../lib/gcc/arm-none-eabi/13.3.1/../../../../arm-none-eabi/lib/thumb/v7e-m+dp/hard\libc_nano.a(libc_a-fstatr.o)
 .ARM.attributes
                0x00000954       0x32 C:/ST/STM32CubeIDE_1.18.1/STM32CubeIDE/plugins/com.st.stm32cube.ide.mcu.externaltools.gnu-tools-for-stm32.13.3.rel1.win32_1.0.0.202411081344/tools/bin/../lib/gcc/arm-none-eabi/13.3.1/../../../../arm-none-eabi/lib/thumb/v7e-m+dp/hard\libc_nano.a(libc_a-isattyr.o)
 .ARM.attributes
                0x00000986       0x32 C:/ST/STM32CubeIDE_1.18.1/STM32CubeIDE/plugins/com.st.stm32cube.ide.mcu.externaltools.gnu-tools-for-stm32.13.3.rel1.win32_1.0.0.202411081344/tools/bin/../lib/gcc/arm-none-eabi/13.3.1/../../../../arm-none-eabi/lib/thumb/v7e-m+dp/hard\libc_nano.a(libc_a-sbrkr.o)
 .ARM.attributes
                0x000009b8       0x1c C:/ST/STM32CubeIDE_1.18.1/STM32CubeIDE/plugins/com.st.stm32cube.ide.mcu.externaltools.gnu-tools-for-stm32.13.3.rel1.win32_1.0.0.202411081344/tools/bin/../lib/gcc/arm-none-eabi/13.3.1/../../../../arm-none-eabi/lib/thumb/v7e-m+dp/hard\libc_nano.a(libc_a-memchr.o)
 .ARM.attributes
                0x000009d4       0x20 C:/ST/STM32CubeIDE_1.18.1/STM32CubeIDE/plugins/com.st.stm32cube.ide.mcu.externaltools.gnu-tools-for-stm32.13.3.rel1.win32_1.0.0.202411081344/tools/bin/../lib/gcc/arm-none-eabi/13.3.1/thumb/v7e-m+dp/hard\libgcc.a(_aeabi_uldivmod.o)
 .ARM.attributes
                0x000009f4       0x32 C:/ST/STM32CubeIDE_1.18.1/STM32CubeIDE/plugins/com.st.stm32cube.ide.mcu.externaltools.gnu-tools-for-stm32.13.3.rel1.win32_1.0.0.202411081344/tools/bin/../lib/gcc/arm-none-eabi/13.3.1/thumb/v7e-m+dp/hard\libgcc.a(_udivmoddi4.o)
 .ARM.attributes
                0x00000a26       0x20 C:/ST/STM32CubeIDE_1.18.1/STM32CubeIDE/plugins/com.st.stm32cube.ide.mcu.externaltools.gnu-tools-for-stm32.13.3.rel1.win32_1.0.0.202411081344/tools/bin/../lib/gcc/arm-none-eabi/13.3.1/thumb/v7e-m+dp/hard\libgcc.a(_dvmd_tls.o)
 .ARM.attributes
                0x00000a46       0x20 C:/ST/STM32CubeIDE_1.18.1/STM32CubeIDE/plugins/com.st.stm32cube.ide.mcu.externaltools.gnu-tools-for-stm32.13.3.rel1.win32_1.0.0.202411081344/tools/bin/../lib/gcc/arm-none-eabi/13.3.1/thumb/v7e-m+dp/hard/crtn.o
OUTPUT(RFID-RC522.elf elf32-littlearm)
LOAD linker stubs
LOAD C:/ST/STM32CubeIDE_1.18.1/STM32CubeIDE/plugins/com.st.stm32cube.ide.mcu.externaltools.gnu-tools-for-stm32.13.3.rel1.win32_1.0.0.202411081344/tools/bin/../lib/gcc/arm-none-eabi/13.3.1/../../../../arm-none-eabi/lib/thumb/v7e-m+dp/hard\libc.a
LOAD C:/ST/STM32CubeIDE_1.18.1/STM32CubeIDE/plugins/com.st.stm32cube.ide.mcu.externaltools.gnu-tools-for-stm32.13.3.rel1.win32_1.0.0.202411081344/tools/bin/../lib/gcc/arm-none-eabi/13.3.1/../../../../arm-none-eabi/lib/thumb/v7e-m+dp/hard\libm.a
LOAD C:/ST/STM32CubeIDE_1.18.1/STM32CubeIDE/plugins/com.st.stm32cube.ide.mcu.externaltools.gnu-tools-for-stm32.13.3.rel1.win32_1.0.0.202411081344/tools/bin/../lib/gcc/arm-none-eabi/13.3.1/thumb/v7e-m+dp/hard\libgcc.a

.debug_info     0x00000000     0xecb8
 .debug_info    0x00000000      0xf18 ./Core/Src/MFRC522_MIFARE.o
 .debug_info    0x00000f18      0xb80 ./Core/Src/MFRC522_STM32.o
 .debug_info    0x00001a98     0x1577 ./Core/Src/main.o
 .debug_info    0x0000300f     0x12b1 ./Core/Src/stm32f7xx_hal_msp.o
 .debug_info    0x000042c0      0x71e ./Core/Src/stm32f7xx_it.o
 .debug_info    0x000049de      0x6a3 ./Core/Src/syscalls.o
 .debug_info    0x00005081      0x168 ./Core/Src/sysmem.o
 .debug_info    0x000051e9      0x6ed ./Core/Src/system_stm32f7xx.o
 .debug_info    0x000058d6       0x30 ./Core/Startup/startup_stm32f767zitx.o
 .debug_info    0x00005906      0xa4c ./Drivers/STM32F7xx_HAL_Driver/Src/stm32f7xx_hal.o
 .debug_info    0x00006352      0xfc0 ./Drivers/STM32F7xx_HAL_Driver/Src/stm32f7xx_hal_cortex.o
 .debug_info    0x00007312      0x8e7 ./Drivers/STM32F7xx_HAL_Driver/Src/stm32f7xx_hal_dma.o
 .debug_info    0x00007bf9      0x6f3 ./Drivers/STM32F7xx_HAL_Driver/Src/stm32f7xx_hal_gpio.o
 .debug_info    0x000082ec      0x8cd ./Drivers/STM32F7xx_HAL_Driver/Src/stm32f7xx_hal_pwr_ex.o
 .debug_info    0x00008bb9      0x94b ./Drivers/STM32F7xx_HAL_Driver/Src/stm32f7xx_hal_rcc.o
 .debug_info    0x00009504      0x6e1 ./Drivers/STM32F7xx_HAL_Driver/Src/stm32f7xx_hal_rcc_ex.o
 .debug_info    0x00009be5     0x15c0 ./Drivers/STM32F7xx_HAL_Driver/Src/stm32f7xx_hal_spi.o
 .debug_info    0x0000b1a5     0x3b13 ./Drivers/STM32F7xx_HAL_Driver/Src/stm32f7xx_hal_uart.o

.debug_abbrev   0x00000000     0x2492
 .debug_abbrev  0x00000000      0x2be ./Core/Src/MFRC522_MIFARE.o
 .debug_abbrev  0x000002be      0x240 ./Core/Src/MFRC522_STM32.o
 .debug_abbrev  0x000004fe      0x32f ./Core/Src/main.o
 .debug_abbrev  0x0000082d      0x1f6 ./Core/Src/stm32f7xx_hal_msp.o
 .debug_abbrev  0x00000a23      0x174 ./Core/Src/stm32f7xx_it.o
 .debug_abbrev  0x00000b97      0x1b6 ./Core/Src/syscalls.o
 .debug_abbrev  0x00000d4d       0xbc ./Core/Src/sysmem.o
 .debug_abbrev  0x00000e09      0x13b ./Core/Src/system_stm32f7xx.o
 .debug_abbrev  0x00000f44       0x24 ./Core/Startup/startup_stm32f767zitx.o
 .debug_abbrev  0x00000f68      0x213 ./Drivers/STM32F7xx_HAL_Driver/Src/stm32f7xx_hal.o
 .debug_abbrev  0x0000117b      0x31e ./Drivers/STM32F7xx_HAL_Driver/Src/stm32f7xx_hal_cortex.o
 .debug_abbrev  0x00001499      0x264 ./Drivers/STM32F7xx_HAL_Driver/Src/stm32f7xx_hal_dma.o
 .debug_abbrev  0x000016fd      0x1d4 ./Drivers/STM32F7xx_HAL_Driver/Src/stm32f7xx_hal_gpio.o
 .debug_abbrev  0x000018d1      0x1d5 ./Drivers/STM32F7xx_HAL_Driver/Src/stm32f7xx_hal_pwr_ex.o
 .debug_abbrev  0x00001aa6      0x2de ./Drivers/STM32F7xx_HAL_Driver/Src/stm32f7xx_hal_rcc.o
 .debug_abbrev  0x00001d84      0x1c9 ./Drivers/STM32F7xx_HAL_Driver/Src/stm32f7xx_hal_rcc_ex.o
 .debug_abbrev  0x00001f4d      0x25f ./Drivers/STM32F7xx_HAL_Driver/Src/stm32f7xx_hal_spi.o
 .debug_abbrev  0x000021ac      0x2e6 ./Drivers/STM32F7xx_HAL_Driver/Src/stm32f7xx_hal_uart.o

.debug_aranges  0x00000000      0xbc8
 .debug_aranges
                0x00000000       0x90 ./Core/Src/MFRC522_MIFARE.o
 .debug_aranges
                0x00000090       0x78 ./Core/Src/MFRC522_STM32.o
 .debug_aranges
                0x00000108       0x80 ./Core/Src/main.o
 .debug_aranges
                0x00000188       0x40 ./Core/Src/stm32f7xx_hal_msp.o
 .debug_aranges
                0x000001c8       0x68 ./Core/Src/stm32f7xx_it.o
 .debug_aranges
                0x00000230       0xa8 ./Core/Src/syscalls.o
 .debug_aranges
                0x000002d8       0x20 ./Core/Src/sysmem.o
 .debug_aranges
                0x000002f8       0x28 ./Core/Src/system_stm32f7xx.o
 .debug_aranges
                0x00000320       0x28 ./Core/Startup/startup_stm32f767zitx.o
 .debug_aranges
                0x00000348      0x110 ./Drivers/STM32F7xx_HAL_Driver/Src/stm32f7xx_hal.o
 .debug_aranges
                0x00000458      0x128 ./Drivers/STM32F7xx_HAL_Driver/Src/stm32f7xx_hal_cortex.o
 .debug_aranges
                0x00000580       0x90 ./Drivers/STM32F7xx_HAL_Driver/Src/stm32f7xx_hal_dma.o
 .debug_aranges
                0x00000610       0x58 ./Drivers/STM32F7xx_HAL_Driver/Src/stm32f7xx_hal_gpio.o
 .debug_aranges
                0x00000668       0x80 ./Drivers/STM32F7xx_HAL_Driver/Src/stm32f7xx_hal_pwr_ex.o
 .debug_aranges
                0x000006e8       0x88 ./Drivers/STM32F7xx_HAL_Driver/Src/stm32f7xx_hal_rcc.o
 .debug_aranges
                0x00000770       0x50 ./Drivers/STM32F7xx_HAL_Driver/Src/stm32f7xx_hal_rcc_ex.o
 .debug_aranges
                0x000007c0      0x1d8 ./Drivers/STM32F7xx_HAL_Driver/Src/stm32f7xx_hal_spi.o
 .debug_aranges
                0x00000998      0x230 ./Drivers/STM32F7xx_HAL_Driver/Src/stm32f7xx_hal_uart.o

.debug_rnglists
                0x00000000      0x927
 .debug_rnglists
                0x00000000       0x70 ./Core/Src/MFRC522_MIFARE.o
 .debug_rnglists
                0x00000070       0x58 ./Core/Src/MFRC522_STM32.o
 .debug_rnglists
                0x000000c8       0x80 ./Core/Src/main.o
 .debug_rnglists
                0x00000148       0x2d ./Core/Src/stm32f7xx_hal_msp.o
 .debug_rnglists
                0x00000175       0x49 ./Core/Src/stm32f7xx_it.o
 .debug_rnglists
                0x000001be       0x79 ./Core/Src/syscalls.o
 .debug_rnglists
                0x00000237       0x13 ./Core/Src/sysmem.o
 .debug_rnglists
                0x0000024a       0x1a ./Core/Src/system_stm32f7xx.o
 .debug_rnglists
                0x00000264       0x19 ./Core/Startup/startup_stm32f767zitx.o
 .debug_rnglists
                0x0000027d       0xc7 ./Drivers/STM32F7xx_HAL_Driver/Src/stm32f7xx_hal.o
 .debug_rnglists
                0x00000344       0xda ./Drivers/STM32F7xx_HAL_Driver/Src/stm32f7xx_hal_cortex.o
 .debug_rnglists
                0x0000041e       0x70 ./Drivers/STM32F7xx_HAL_Driver/Src/stm32f7xx_hal_dma.o
 .debug_rnglists
                0x0000048e       0x3f ./Drivers/STM32F7xx_HAL_Driver/Src/stm32f7xx_hal_gpio.o
 .debug_rnglists
                0x000004cd       0x5f ./Drivers/STM32F7xx_HAL_Driver/Src/stm32f7xx_hal_pwr_ex.o
 .debug_rnglists
                0x0000052c       0x67 ./Drivers/STM32F7xx_HAL_Driver/Src/stm32f7xx_hal_rcc.o
 .debug_rnglists
                0x00000593       0x3c ./Drivers/STM32F7xx_HAL_Driver/Src/stm32f7xx_hal_rcc_ex.o
 .debug_rnglists
                0x000005cf      0x178 ./Drivers/STM32F7xx_HAL_Driver/Src/stm32f7xx_hal_spi.o
 .debug_rnglists
                0x00000747      0x1e0 ./Drivers/STM32F7xx_HAL_Driver/Src/stm32f7xx_hal_uart.o

.debug_macro    0x00000000    0x289a0
 .debug_macro   0x00000000      0x3a0 ./Core/Src/MFRC522_MIFARE.o
 .debug_macro   0x000003a0      0xaf0 ./Core/Src/MFRC522_MIFARE.o
 .debug_macro   0x00000e90      0x293 ./Core/Src/MFRC522_MIFARE.o
 .debug_macro   0x00001123       0x2e ./Core/Src/MFRC522_MIFARE.o
 .debug_macro   0x00001151       0x3b ./Core/Src/MFRC522_MIFARE.o
 .debug_macro   0x0000118c       0x22 ./Core/Src/MFRC522_MIFARE.o
 .debug_macro   0x000011ae       0x8e ./Core/Src/MFRC522_MIFARE.o
 .debug_macro   0x0000123c       0x51 ./Core/Src/MFRC522_MIFARE.o
 .debug_macro   0x0000128d      0x103 ./Core/Src/MFRC522_MIFARE.o
 .debug_macro   0x00001390       0x6a ./Core/Src/MFRC522_MIFARE.o
 .debug_macro   0x000013fa      0x1df ./Core/Src/MFRC522_MIFARE.o
 .debug_macro   0x000015d9       0x1c ./Core/Src/MFRC522_MIFARE.o
 .debug_macro   0x000015f5       0x22 ./Core/Src/MFRC522_MIFARE.o
 .debug_macro   0x00001617       0xd9 ./Core/Src/MFRC522_MIFARE.o
 .debug_macro   0x000016f0     0x12cd ./Core/Src/MFRC522_MIFARE.o
 .debug_macro   0x000029bd      0x11f ./Core/Src/MFRC522_MIFARE.o
 .debug_macro   0x00002adc       0x19 ./Core/Src/MFRC522_MIFARE.o
 .debug_macro   0x00002af5    0x1aa23 ./Core/Src/MFRC522_MIFARE.o
 .debug_macro   0x0001d518       0x6d ./Core/Src/MFRC522_MIFARE.o
 .debug_macro   0x0001d585     0x375e ./Core/Src/MFRC522_MIFARE.o
 .debug_macro   0x00020ce3      0x190 ./Core/Src/MFRC522_MIFARE.o
 .debug_macro   0x00020e73       0x63 ./Core/Src/MFRC522_MIFARE.o
 .debug_macro   0x00020ed6     0x1add ./Core/Src/MFRC522_MIFARE.o
 .debug_macro   0x000229b3      0x6c4 ./Core/Src/MFRC522_MIFARE.o
 .debug_macro   0x00023077      0x18b ./Core/Src/MFRC522_MIFARE.o
 .debug_macro   0x00023202      0x115 ./Core/Src/MFRC522_MIFARE.o
 .debug_macro   0x00023317      0x26e ./Core/Src/MFRC522_MIFARE.o
 .debug_macro   0x00023585       0xa5 ./Core/Src/MFRC522_MIFARE.o
 .debug_macro   0x0002362a      0x24f ./Core/Src/MFRC522_MIFARE.o
 .debug_macro   0x00023879       0x71 ./Core/Src/MFRC522_MIFARE.o
 .debug_macro   0x000238ea       0x58 ./Core/Src/MFRC522_MIFARE.o
 .debug_macro   0x00023942      0x236 ./Core/Src/MFRC522_MIFARE.o
 .debug_macro   0x00023b78      0x14e ./Core/Src/MFRC522_MIFARE.o
 .debug_macro   0x00023cc6      0x3db ./Core/Src/MFRC522_MIFARE.o
 .debug_macro   0x000240a1       0x12 ./Core/Src/MFRC522_MIFARE.o
 .debug_macro   0x000240b3      0x22c ./Core/Src/MFRC522_MIFARE.o
 .debug_macro   0x000242df       0x61 ./Core/Src/MFRC522_MIFARE.o
 .debug_macro   0x00024340       0xa5 ./Core/Src/MFRC522_MIFARE.o
 .debug_macro   0x000243e5      0x12e ./Core/Src/MFRC522_MIFARE.o
 .debug_macro   0x00024513      0x108 ./Core/Src/MFRC522_MIFARE.o
 .debug_macro   0x0002461b       0x35 ./Core/Src/MFRC522_MIFARE.o
 .debug_macro   0x00024650      0x2fe ./Core/Src/MFRC522_MIFARE.o
 .debug_macro   0x0002494e      0x5ba ./Core/Src/MFRC522_MIFARE.o
 .debug_macro   0x00024f08       0x44 ./Core/Src/MFRC522_MIFARE.o
 .debug_macro   0x00024f4c      0x15b ./Core/Src/MFRC522_MIFARE.o
 .debug_macro   0x000250a7       0x61 ./Core/Src/MFRC522_MIFARE.o
 .debug_macro   0x00025108       0x29 ./Core/Src/MFRC522_MIFARE.o
 .debug_macro   0x00025131       0x43 ./Core/Src/MFRC522_MIFARE.o
 .debug_macro   0x00025174       0x34 ./Core/Src/MFRC522_MIFARE.o
 .debug_macro   0x000251a8       0x16 ./Core/Src/MFRC522_MIFARE.o
 .debug_macro   0x000251be       0x3c ./Core/Src/MFRC522_MIFARE.o
 .debug_macro   0x000251fa      0x370 ./Core/Src/MFRC522_MIFARE.o
 .debug_macro   0x0002556a       0x10 ./Core/Src/MFRC522_MIFARE.o
 .debug_macro   0x0002557a       0x16 ./Core/Src/MFRC522_MIFARE.o
 .debug_macro   0x00025590       0x4a ./Core/Src/MFRC522_MIFARE.o
 .debug_macro   0x000255da       0x34 ./Core/Src/MFRC522_MIFARE.o
 .debug_macro   0x0002560e       0x10 ./Core/Src/MFRC522_MIFARE.o
 .debug_macro   0x0002561e       0x58 ./Core/Src/MFRC522_MIFARE.o
 .debug_macro   0x00025676       0x8e ./Core/Src/MFRC522_MIFARE.o
 .debug_macro   0x00025704       0x1c ./Core/Src/MFRC522_MIFARE.o
 .debug_macro   0x00025720      0x185 ./Core/Src/MFRC522_MIFARE.o
 .debug_macro   0x000258a5       0x16 ./Core/Src/MFRC522_MIFARE.o
 .debug_macro   0x000258bb       0x16 ./Core/Src/MFRC522_MIFARE.o
 .debug_macro   0x000258d1      0x146 ./Core/Src/MFRC522_MIFARE.o
 .debug_macro   0x00025a17       0xc4 ./Core/Src/MFRC522_MIFARE.o
 .debug_macro   0x00025adb       0x10 ./Core/Src/MFRC522_MIFARE.o
 .debug_macro   0x00025aeb       0x16 ./Core/Src/MFRC522_MIFARE.o
 .debug_macro   0x00025b01       0x20 ./Core/Src/MFRC522_MIFARE.o
 .debug_macro   0x00025b21      0x2d5 ./Core/Src/MFRC522_STM32.o
 .debug_macro   0x00025df6      0x321 ./Core/Src/main.o
 .debug_macro   0x00026117      0x11f ./Core/Src/main.o
 .debug_macro   0x00026236      0x1ee ./Core/Src/stm32f7xx_hal_msp.o
 .debug_macro   0x00026424      0x1f8 ./Core/Src/stm32f7xx_it.o
 .debug_macro   0x0002661c      0x274 ./Core/Src/syscalls.o
 .debug_macro   0x00026890       0x5b ./Core/Src/syscalls.o
 .debug_macro   0x000268eb       0x94 ./Core/Src/syscalls.o
 .debug_macro   0x0002697f       0x57 ./Core/Src/syscalls.o
 .debug_macro   0x000269d6       0x10 ./Core/Src/syscalls.o
 .debug_macro   0x000269e6       0x10 ./Core/Src/syscalls.o
 .debug_macro   0x000269f6       0x10 ./Core/Src/syscalls.o
 .debug_macro   0x00026a06       0x10 ./Core/Src/syscalls.o
 .debug_macro   0x00026a16       0x1c ./Core/Src/syscalls.o
 .debug_macro   0x00026a32       0x52 ./Core/Src/syscalls.o
 .debug_macro   0x00026a84       0x22 ./Core/Src/syscalls.o
 .debug_macro   0x00026aa6       0x10 ./Core/Src/syscalls.o
 .debug_macro   0x00026ab6       0x52 ./Core/Src/syscalls.o
 .debug_macro   0x00026b08       0xcf ./Core/Src/syscalls.o
 .debug_macro   0x00026bd7       0x1c ./Core/Src/syscalls.o
 .debug_macro   0x00026bf3       0x3d ./Core/Src/syscalls.o
 .debug_macro   0x00026c30       0x35 ./Core/Src/syscalls.o
 .debug_macro   0x00026c65      0x12c ./Core/Src/syscalls.o
 .debug_macro   0x00026d91       0x16 ./Core/Src/syscalls.o
 .debug_macro   0x00026da7       0x16 ./Core/Src/syscalls.o
 .debug_macro   0x00026dbd       0x29 ./Core/Src/syscalls.o
 .debug_macro   0x00026de6       0x10 ./Core/Src/syscalls.o
 .debug_macro   0x00026df6      0x242 ./Core/Src/syscalls.o
 .debug_macro   0x00027038       0x1c ./Core/Src/syscalls.o
 .debug_macro   0x00027054       0x10 ./Core/Src/syscalls.o
 .debug_macro   0x00027064      0x18a ./Core/Src/syscalls.o
 .debug_macro   0x000271ee       0x16 ./Core/Src/syscalls.o
 .debug_macro   0x00027204       0xce ./Core/Src/syscalls.o
 .debug_macro   0x000272d2      0x112 ./Core/Src/sysmem.o
 .debug_macro   0x000273e4      0x23c ./Core/Src/sysmem.o
 .debug_macro   0x00027620      0x1e4 ./Core/Src/system_stm32f7xx.o
 .debug_macro   0x00027804      0x208 ./Drivers/STM32F7xx_HAL_Driver/Src/stm32f7xx_hal.o
 .debug_macro   0x00027a0c      0x1e4 ./Drivers/STM32F7xx_HAL_Driver/Src/stm32f7xx_hal_cortex.o
 .debug_macro   0x00027bf0      0x1ea ./Drivers/STM32F7xx_HAL_Driver/Src/stm32f7xx_hal_dma.o
 .debug_macro   0x00027dda      0x1ea ./Drivers/STM32F7xx_HAL_Driver/Src/stm32f7xx_hal_gpio.o
 .debug_macro   0x00027fc4      0x1fc ./Drivers/STM32F7xx_HAL_Driver/Src/stm32f7xx_hal_pwr_ex.o
 .debug_macro   0x000281c0      0x208 ./Drivers/STM32F7xx_HAL_Driver/Src/stm32f7xx_hal_rcc.o
 .debug_macro   0x000283c8      0x1e4 ./Drivers/STM32F7xx_HAL_Driver/Src/stm32f7xx_hal_rcc_ex.o
 .debug_macro   0x000285ac      0x1f3 ./Drivers/STM32F7xx_HAL_Driver/Src/stm32f7xx_hal_spi.o
 .debug_macro   0x0002879f      0x201 ./Drivers/STM32F7xx_HAL_Driver/Src/stm32f7xx_hal_uart.o

.debug_line     0x00000000     0xf942
 .debug_line    0x00000000      0xe60 ./Core/Src/MFRC522_MIFARE.o
 .debug_line    0x00000e60      0xb9b ./Core/Src/MFRC522_STM32.o
 .debug_line    0x000019fb      0xd2d ./Core/Src/main.o
 .debug_line    0x00002728      0x824 ./Core/Src/stm32f7xx_hal_msp.o
 .debug_line    0x00002f4c      0x838 ./Core/Src/stm32f7xx_it.o
 .debug_line    0x00003784      0x8ac ./Core/Src/syscalls.o
 .debug_line    0x00004030      0x588 ./Core/Src/sysmem.o
 .debug_line    0x000045b8      0x7e5 ./Core/Src/system_stm32f7xx.o
 .debug_line    0x00004d9d       0x7a ./Core/Startup/startup_stm32f767zitx.o
 .debug_line    0x00004e17      0xac8 ./Drivers/STM32F7xx_HAL_Driver/Src/stm32f7xx_hal.o
 .debug_line    0x000058df      0xd18 ./Drivers/STM32F7xx_HAL_Driver/Src/stm32f7xx_hal_cortex.o
 .debug_line    0x000065f7      0xfe5 ./Drivers/STM32F7xx_HAL_Driver/Src/stm32f7xx_hal_dma.o
 .debug_line    0x000075dc      0xbf2 ./Drivers/STM32F7xx_HAL_Driver/Src/stm32f7xx_hal_gpio.o
 .debug_line    0x000081ce      0xa68 ./Drivers/STM32F7xx_HAL_Driver/Src/stm32f7xx_hal_pwr_ex.o
 .debug_line    0x00008c36      0xfcf ./Drivers/STM32F7xx_HAL_Driver/Src/stm32f7xx_hal_rcc.o
 .debug_line    0x00009c05      0xf1b ./Drivers/STM32F7xx_HAL_Driver/Src/stm32f7xx_hal_rcc_ex.o
 .debug_line    0x0000ab20     0x209e ./Drivers/STM32F7xx_HAL_Driver/Src/stm32f7xx_hal_spi.o
 .debug_line    0x0000cbbe     0x2d84 ./Drivers/STM32F7xx_HAL_Driver/Src/stm32f7xx_hal_uart.o

.debug_str      0x00000000    0xf63f7
 .debug_str     0x00000000    0xf63f7 ./Core/Src/MFRC522_MIFARE.o
                              0xf0f6e (size before relaxing)
 .debug_str     0x000f63f7    0xf0c68 ./Core/Src/MFRC522_STM32.o
 .debug_str     0x000f63f7    0xf1b83 ./Core/Src/main.o
 .debug_str     0x000f63f7    0xedd79 ./Core/Src/stm32f7xx_hal_msp.o
 .debug_str     0x000f63f7    0xed112 ./Core/Src/stm32f7xx_it.o
 .debug_str     0x000f63f7     0x9a1e ./Core/Src/syscalls.o
 .debug_str     0x000f63f7     0x77bc ./Core/Src/sysmem.o
 .debug_str     0x000f63f7    0xece46 ./Core/Src/system_stm32f7xx.o
 .debug_str     0x000f63f7       0x75 ./Core/Startup/startup_stm32f767zitx.o
 .debug_str     0x000f63f7    0xed886 ./Drivers/STM32F7xx_HAL_Driver/Src/stm32f7xx_hal.o
 .debug_str     0x000f63f7    0xed868 ./Drivers/STM32F7xx_HAL_Driver/Src/stm32f7xx_hal_cortex.o
 .debug_str     0x000f63f7    0xed185 ./Drivers/STM32F7xx_HAL_Driver/Src/stm32f7xx_hal_dma.o
 .debug_str     0x000f63f7    0xecf04 ./Drivers/STM32F7xx_HAL_Driver/Src/stm32f7xx_hal_gpio.o
 .debug_str     0x000f63f7    0xed0b5 ./Drivers/STM32F7xx_HAL_Driver/Src/stm32f7xx_hal_pwr_ex.o
 .debug_str     0x000f63f7    0xed1c1 ./Drivers/STM32F7xx_HAL_Driver/Src/stm32f7xx_hal_rcc.o
 .debug_str     0x000f63f7    0xed124 ./Drivers/STM32F7xx_HAL_Driver/Src/stm32f7xx_hal_rcc_ex.o
 .debug_str     0x000f63f7    0xed680 ./Drivers/STM32F7xx_HAL_Driver/Src/stm32f7xx_hal_spi.o
 .debug_str     0x000f63f7    0xedb0f ./Drivers/STM32F7xx_HAL_Driver/Src/stm32f7xx_hal_uart.o

.comment        0x00000000       0x43
 .comment       0x00000000       0x43 ./Core/Src/MFRC522_MIFARE.o
                                 0x44 (size before relaxing)
 .comment       0x00000043       0x44 ./Core/Src/MFRC522_STM32.o
 .comment       0x00000043       0x44 ./Core/Src/main.o
 .comment       0x00000043       0x44 ./Core/Src/stm32f7xx_hal_msp.o
 .comment       0x00000043       0x44 ./Core/Src/stm32f7xx_it.o
 .comment       0x00000043       0x44 ./Core/Src/syscalls.o
 .comment       0x00000043       0x44 ./Core/Src/sysmem.o
 .comment       0x00000043       0x44 ./Core/Src/system_stm32f7xx.o
 .comment       0x00000043       0x44 ./Drivers/STM32F7xx_HAL_Driver/Src/stm32f7xx_hal.o
 .comment       0x00000043       0x44 ./Drivers/STM32F7xx_HAL_Driver/Src/stm32f7xx_hal_cortex.o
 .comment       0x00000043       0x44 ./Drivers/STM32F7xx_HAL_Driver/Src/stm32f7xx_hal_dma.o
 .comment       0x00000043       0x44 ./Drivers/STM32F7xx_HAL_Driver/Src/stm32f7xx_hal_gpio.o
 .comment       0x00000043       0x44 ./Drivers/STM32F7xx_HAL_Driver/Src/stm32f7xx_hal_pwr_ex.o